Component: ARM Compiler 5.06 update 7 (build 960) Tool: armlink [4d3601]

==============================================================================

Section Cross References

    startup_stm32f103xb.o(RESET) refers to startup_stm32f103xb.o(STACK) for __initial_sp
    startup_stm32f103xb.o(RESET) refers to startup_stm32f103xb.o(.text) for Reset_Handler
    startup_stm32f103xb.o(RESET) refers to stm32f1xx_it.o(i.NMI_Handler) for NMI_Handler
    startup_stm32f103xb.o(RESET) refers to stm32f1xx_it.o(i.HardFault_Handler) for HardFault_Handler
    startup_stm32f103xb.o(RESET) refers to stm32f1xx_it.o(i.MemManage_Handler) for MemManage_Handler
    startup_stm32f103xb.o(RESET) refers to stm32f1xx_it.o(i.BusFault_Handler) for BusFault_Handler
    startup_stm32f103xb.o(RESET) refers to stm32f1xx_it.o(i.UsageFault_Handler) for UsageFault_Handler
    startup_stm32f103xb.o(RESET) refers to stm32f1xx_it.o(i.SVC_Handler) for SVC_Handler
    startup_stm32f103xb.o(RESET) refers to stm32f1xx_it.o(i.DebugMon_Handler) for DebugMon_Handler
    startup_stm32f103xb.o(RESET) refers to stm32f1xx_it.o(i.PendSV_Handler) for PendSV_Handler
    startup_stm32f103xb.o(RESET) refers to stm32f1xx_it.o(i.SysTick_Handler) for SysTick_Handler
    startup_stm32f103xb.o(RESET) refers to drv_pin_1.o(i.EXTI0_IRQHandler) for EXTI0_IRQHandler
    startup_stm32f103xb.o(RESET) refers to drv_pin_1.o(i.EXTI1_IRQHandler) for EXTI1_IRQHandler
    startup_stm32f103xb.o(RESET) refers to drv_pin_1.o(i.EXTI2_IRQHandler) for EXTI2_IRQHandler
    startup_stm32f103xb.o(RESET) refers to drv_pin_1.o(i.EXTI3_IRQHandler) for EXTI3_IRQHandler
    startup_stm32f103xb.o(RESET) refers to drv_pin_1.o(i.EXTI4_IRQHandler) for EXTI4_IRQHandler
    startup_stm32f103xb.o(RESET) refers to drv_pin_1.o(i.EXTI9_5_IRQHandler) for EXTI9_5_IRQHandler
    startup_stm32f103xb.o(RESET) refers to drv_serial_1.o(i.USART1_IRQHandler) for USART1_IRQHandler
    startup_stm32f103xb.o(RESET) refers to drv_pin_1.o(i.EXTI15_10_IRQHandler) for EXTI15_10_IRQHandler
    startup_stm32f103xb.o(.text) refers to system_stm32f1xx.o(i.SystemInit) for SystemInit
    startup_stm32f103xb.o(.text) refers to entry.o(.ARM.Collect$$$$00000000) for __main
    main.o(i.HAL_UART_MspInit) refers to stm32f1xx_hal_gpio.o(i.HAL_GPIO_Init) for HAL_GPIO_Init
    main.o(i.SystemClock_Config) refers to memseta.o(.text) for __aeabi_memclr4
    main.o(i.SystemClock_Config) refers to stm32f1xx_hal_rcc.o(i.HAL_RCC_OscConfig) for HAL_RCC_OscConfig
    main.o(i.SystemClock_Config) refers to stm32f1xx_hal_rcc.o(i.HAL_RCC_ClockConfig) for HAL_RCC_ClockConfig
    main.o(i.led_key_init) refers to device.o(i.mr_dev_open) for mr_dev_open
    main.o(i.led_key_init) refers to service.o(i.mr_strerror) for mr_strerror
    main.o(i.led_key_init) refers to service.o(i.mr_printf) for mr_printf
    main.o(i.led_key_init) refers to device.o(i.mr_dev_ioctl) for mr_dev_ioctl
    main.o(i.led_key_init) refers to device.o(i.mr_dev_write) for mr_dev_write
    main.o(i.led_key_init) refers to main.o(.data) for .data
    main.o(i.main) refers to stm32f1xx_hal.o(i.HAL_Init) for HAL_Init
    main.o(i.main) refers to main.o(i.SystemClock_Config) for SystemClock_Config
    main.o(i.main) refers to service.o(i.mr_auto_init) for mr_auto_init
    main.o(i.main) refers to msh.o(i.mr_msh_handle) for mr_msh_handle
    main.o(i.main) refers to device.o(i.mr_dev_write) for mr_dev_write
    main.o(i.main) refers to mr_board_1.o(i.mr_delay_ms) for mr_delay_ms
    main.o(i.main) refers to main.o(.data) for .data
    main.o(i.serial_init) refers to device.o(i.mr_dev_open) for mr_dev_open
    main.o(i.serial_init) refers to service.o(i.mr_strerror) for mr_strerror
    main.o(i.serial_init) refers to memcpya.o(.text) for __aeabi_memcpy4
    main.o(i.serial_init) refers to device.o(i.mr_dev_ioctl) for mr_dev_ioctl
    main.o(i.serial_init) refers to service.o(i.mr_printf) for mr_printf
    main.o(i.serial_init) refers to main.o(.data) for .data
    main.o(i.serial_init) refers to main.o(.constdata) for .constdata
    main.o(mr_auto_init.4) refers to main.o(i.led_key_init) for led_key_init
    main.o(mr_auto_init.4) refers to main.o(i.serial_init) for serial_init
    stm32f1xx_it.o(i.SysTick_Handler) refers to stm32f1xx_hal.o(i.HAL_IncTick) for HAL_IncTick
    stm32f1xx_hal_tim.o(i.HAL_TIM_Base_DeInit) refers to stm32f1xx_hal_tim.o(i.HAL_TIM_Base_MspDeInit) for HAL_TIM_Base_MspDeInit
    stm32f1xx_hal_tim.o(i.HAL_TIM_Base_Init) refers to stm32f1xx_hal_tim.o(i.HAL_TIM_Base_MspInit) for HAL_TIM_Base_MspInit
    stm32f1xx_hal_tim.o(i.HAL_TIM_Base_Init) refers to stm32f1xx_hal_tim.o(i.TIM_Base_SetConfig) for TIM_Base_SetConfig
    stm32f1xx_hal_tim.o(i.HAL_TIM_Base_Start_DMA) refers to stm32f1xx_hal_dma.o(i.HAL_DMA_Start_IT) for HAL_DMA_Start_IT
    stm32f1xx_hal_tim.o(i.HAL_TIM_Base_Start_DMA) refers to stm32f1xx_hal_tim.o(i.TIM_DMAPeriodElapsedCplt) for TIM_DMAPeriodElapsedCplt
[...]
    i.dev_lock_take                          0x0800262a   Section        0  device.o(i.dev_lock_take)
    dev_lock_take                            0x0800262b   Thumb Code    46  device.o(i.dev_lock_take)
    i.dev_open                               0x08002658   Section        0  device.o(i.dev_open)
    dev_open                                 0x08002659   Thumb Code    60  device.o(i.dev_open)
    i.dev_register_by_path                   0x08002694   Section        0  device.o(i.dev_register_by_path)
    dev_register_by_path                     0x08002695   Thumb Code   156  device.o(i.dev_register_by_path)
    i.drv_pin_configure                      0x08002734   Section        0  drv_pin_1.o(i.drv_pin_configure)
    drv_pin_configure                        0x08002735   Thumb Code   418  drv_pin_1.o(i.drv_pin_configure)
    i.drv_pin_get_data                       0x08002900   Section        0  drv_pin_1.o(i.drv_pin_get_data)
    drv_pin_get_data                         0x08002901   Thumb Code    20  drv_pin_1.o(i.drv_pin_get_data)
    i.drv_pin_get_port_data                  0x08002918   Section        0  drv_pin_1.o(i.drv_pin_get_port_data)
    drv_pin_get_port_data                    0x08002919   Thumb Code    24  drv_pin_1.o(i.drv_pin_get_port_data)
    i.drv_pin_init                           0x08002934   Section        0  drv_pin_1.o(i.drv_pin_init)
    drv_pin_init                             0x08002935   Thumb Code    10  drv_pin_1.o(i.drv_pin_init)
    i.drv_pin_read                           0x0800294c   Section        0  drv_pin_1.o(i.drv_pin_read)
    drv_pin_read                             0x0800294d   Thumb Code    46  drv_pin_1.o(i.drv_pin_read)
    i.drv_pin_write                          0x0800297a   Section        0  drv_pin_1.o(i.drv_pin_write)
    drv_pin_write                            0x0800297b   Thumb Code    46  drv_pin_1.o(i.drv_pin_write)
    i.drv_serial_configure                   0x080029a8   Section        0  drv_serial_1.o(i.drv_serial_configure)
    drv_serial_configure                     0x080029a9   Thumb Code   202  drv_serial_1.o(i.drv_serial_configure)
    i.drv_serial_init                        0x08002a74   Section        0  drv_serial_1.o(i.drv_serial_init)
    drv_serial_init                          0x08002a75   Thumb Code    12  drv_serial_1.o(i.drv_serial_init)
    i.drv_serial_isr                         0x08002a88   Section        0  drv_serial_1.o(i.drv_serial_isr)
    drv_serial_isr                           0x08002a89   Thumb Code    82  drv_serial_1.o(i.drv_serial_isr)
    i.drv_serial_read                        0x08002ae4   Section        0  drv_serial_1.o(i.drv_serial_read)
    drv_serial_read                          0x08002ae5   Thumb Code    44  drv_serial_1.o(i.drv_serial_read)
    i.drv_serial_start_tx                    0x08002b10   Section        0  drv_serial_1.o(i.drv_serial_start_tx)
    drv_serial_start_tx                      0x08002b11   Thumb Code    16  drv_serial_1.o(i.drv_serial_start_tx)
    i.drv_serial_stop_tx                     0x08002b20   Section        0  drv_serial_1.o(i.drv_serial_stop_tx)
    drv_serial_stop_tx                       0x08002b21   Thumb Code    16  drv_serial_1.o(i.drv_serial_stop_tx)
    i.drv_serial_write                       0x08002b30   Section        0  drv_serial_1.o(i.drv_serial_write)
    drv_serial_write                         0x08002b31   Thumb Code    42  drv_serial_1.o(i.drv_serial_write)
    i.end                                    0x08002b5a   Section        0  service.o(i.end)
    end                                      0x08002b5b   Thumb Code     2  service.o(i.end)
    i.heap_insert_block                      0x08002b5c   Section        0  memory.o(i.heap_insert_block)
    heap_insert_block                        0x08002b5d   Thumb Code    96  memory.o(i.heap_insert_block)
    i.led_key_init                           0x08002bc0   Section        0  main.o(i.led_key_init)
    i.main                                   0x08002c74   Section        0  main.o(i.main)
    i.mr_auto_init                           0x08002cc0   Section        0  service.o(i.mr_auto_init)
    i.mr_delay_ms                            0x08002cdc   Section        0  mr_board_1.o(i.mr_delay_ms)
    i.mr_dev_close                           0x08002ce0   Section        0  device.o(i.mr_dev_close)
    i.mr_dev_ioctl                           0x08002d10   Section        0  device.o(i.mr_dev_ioctl)
    i.mr_dev_isr                             0x08002e5c   Section        0  device.o(i.mr_dev_isr)
    i.mr_dev_open                            0x08002fa0   Section        0  device.o(i.mr_dev_open)
    i.mr_dev_read                            0x080030b4   Section        0  device.o(i.mr_dev_read)
    i.mr_dev_register                        0x080031d8   Section        0  device.o(i.mr_dev_register)
    i.mr_dev_write                           0x0800346c   Section        0  device.o(i.mr_dev_write)
    i.mr_free                                0x080035b4   Section        0  memory.o(i.mr_free)
    i.mr_heap_init                           0x080035e4   Section        0  memory.o(i.mr_heap_init)
    mr_heap_init                             0x080035e5   Thumb Code    22  memory.o(i.mr_heap_init)
    i.mr_interrupt_disable                   0x08003604   Section        0  service.o(i.mr_interrupt_disable)
    i.mr_interrupt_enable                    0x08003606   Section        0  service.o(i.mr_interrupt_enable)
    i.mr_list_insert_before                  0x08003608   Section        0  device.o(i.mr_list_insert_before)
    mr_list_insert_before                    0x08003609   Thumb Code    14  device.o(i.mr_list_insert_before)
    i.mr_list_remove                         0x08003616   Section        0  device.o(i.mr_list_remove)
    mr_list_remove                           0x08003617   Thumb Code    18  device.o(i.mr_list_remove)
    i.mr_malloc                              0x08003628   Section        0  memory.o(i.mr_malloc)
    i.mr_msh_handle                          0x080036a8   Section        0  msh.o(i.mr_msh_handle)
    i.mr_msh_init                            0x080036dc   Section        0  msh.o(i.mr_msh_init)
    mr_msh_init                              0x080036dd   Thumb Code    56  msh.o(i.mr_msh_init)
    i.mr_msh_input                           0x08003728   Section        0  msh.o(i.mr_msh_input)
    i.mr_msh_printf                          0x08003768   Section        0  msh.o(i.mr_msh_printf)
    i.mr_msh_printf_output                   0x0800378c   Section        0  msh.o(i.mr_msh_printf_output)
    i.mr_msh_set_prompt                      0x080037d0   Section        0  msh.o(i.mr_msh_set_prompt)
    i.mr_pin_close                           0x080037dc   Section        0  pin.o(i.mr_pin_close)
    mr_pin_close                             0x080037dd   Thumb Code    66  pin.o(i.mr_pin_close)
    i.mr_pin_ioctl                           0x0800381e   Section        0  pin.o(i.mr_pin_ioctl)
    mr_pin_ioctl                             0x0800381f   Thumb Code   150  pin.o(i.mr_pin_ioctl)
    i.mr_pin_isr                             0x080038b4   Section        0  pin.o(i.mr_pin_isr)
    mr_pin_isr                               0x080038b5   Thumb Code    18  pin.o(i.mr_pin_isr)
    i.mr_pin_read                            0x080038c6   Section        0  pin.o(i.mr_pin_read)
    mr_pin_read                              0x080038c7   Thumb Code    86  pin.o(i.mr_pin_read)
    i.mr_pin_register                        0x0800391c   Section        0  pin.o(i.mr_pin_register)
    i.mr_pin_write                           0x08003a54   Section        0  pin.o(i.mr_pin_write)
    mr_pin_write                             0x08003a55   Thumb Code    96  pin.o(i.mr_pin_write)
    i.mr_printf                              0x08003ab4   Section        0  service.o(i.mr_printf)
    i.mr_printf_output                       0x08003adc   Section        0  service.o(i.mr_printf_output)
    i.mr_ringbuf_allocate                    0x08003b18   Section        0  service.o(i.mr_ringbuf_allocate)
    i.mr_ringbuf_free                        0x08003be8   Section        0  service.o(i.mr_ringbuf_free)
    i.mr_ringbuf_get_bufsz                   0x08003c94   Section        0  service.o(i.mr_ringbuf_get_bufsz)
    i.mr_ringbuf_get_data_size               0x08003d2c   Section        0  service.o(i.mr_ringbuf_get_data_size)
    i.mr_ringbuf_get_space_size              0x08003df0   Section        0  service.o(i.mr_ringbuf_get_space_size)
    i.mr_ringbuf_init                        0x08003e90   Section        0  service.o(i.mr_ringbuf_init)
    i.mr_ringbuf_pop                         0x08003f78   Section        0  service.o(i.mr_ringbuf_pop)
    i.mr_ringbuf_push_force                  0x0800406c   Section        0  service.o(i.mr_ringbuf_push_force)
    i.mr_ringbuf_read                        0x08004154   Section        0  service.o(i.mr_ringbuf_read)
    i.mr_ringbuf_reset                       0x0800428c   Section        0  service.o(i.mr_ringbuf_reset)
    i.mr_ringbuf_write                       0x08004330   Section        0  service.o(i.mr_ringbuf_write)
    i.mr_serial_close                        0x08004468   Section        0  serial.o(i.mr_serial_close)
    mr_serial_close                          0x08004469   Thumb Code    46  serial.o(i.mr_serial_close)
    i.mr_serial_ioctl                        0x08004496   Section        0  serial.o(i.mr_serial_ioctl)
    mr_serial_ioctl                          0x08004497   Thumb Code   232  serial.o(i.mr_serial_ioctl)
    i.mr_serial_isr                          0x0800457e   Section        0  serial.o(i.mr_serial_isr)
    mr_serial_isr                            0x0800457f   Thumb Code    98  serial.o(i.mr_serial_isr)
    i.mr_serial_open                         0x080045e0   Section        0  serial.o(i.mr_serial_open)
    mr_serial_open                           0x080045e1   Thumb Code    56  serial.o(i.mr_serial_open)
    i.mr_serial_read                         0x08004618   Section        0  serial.o(i.mr_serial_read)
    mr_serial_read                           0x08004619   Thumb Code    78  serial.o(i.mr_serial_read)
    i.mr_serial_register                     0x08004668   Section        0  serial.o(i.mr_serial_register)
    i.mr_serial_write                        0x080047f0   Section        0  serial.o(i.mr_serial_write)
    mr_serial_write                          0x080047f1   Thumb Code    84  serial.o(i.mr_serial_write)
    i.mr_strerror                            0x08004844   Section        0  service.o(i.mr_strerror)
    i.mr_strflags                            0x0800490c   Section        0  service.o(i.mr_strflags)
    i.msh_cmd_clear                          0x08004944   Section        0  msh.o(i.msh_cmd_clear)
    msh_cmd_clear                            0x08004945   Thumb Code     6  msh.o(i.msh_cmd_clear)
    i.msh_cmd_dclose                         0x08004958   Section        0  msh_device.o(i.msh_cmd_dclose)
    msh_cmd_dclose                           0x08004959   Thumb Code   106  msh_device.o(i.msh_cmd_dclose)
    i.msh_cmd_dioctl                         0x08004a08   Section        0  msh_device.o(i.msh_cmd_dioctl)
    msh_cmd_dioctl                           0x08004a09   Thumb Code   162  msh_device.o(i.msh_cmd_dioctl)
    i.msh_cmd_dioctl_cfg                     0x08004b84   Section        0  msh_device.o(i.msh_cmd_dioctl_cfg)
    msh_cmd_dioctl_cfg                       0x08004b85   Thumb Code   194  msh_device.o(i.msh_cmd_dioctl_cfg)
    i.msh_cmd_dlist                          0x08004c94   Section        0  msh_device.o(i.msh_cmd_dlist)
    msh_cmd_dlist                            0x08004c95   Thumb Code    16  msh_device.o(i.msh_cmd_dlist)
    i.msh_cmd_dopen                          0x08004ca4   Section        0  msh_device.o(i.msh_cmd_dopen)
    msh_cmd_dopen                            0x08004ca5   Thumb Code   164  msh_device.o(i.msh_cmd_dopen)
    i.msh_cmd_dread                          0x08004d9c   Section        0  msh_device.o(i.msh_cmd_dread)
    msh_cmd_dread                            0x08004d9d   Thumb Code   376  msh_device.o(i.msh_cmd_dread)
    i.msh_cmd_dselect                        0x08004fec   Section        0  msh_device.o(i.msh_cmd_dselect)
    msh_cmd_dselect                          0x08004fed   Thumb Code    96  msh_device.o(i.msh_cmd_dselect)
    i.msh_cmd_dwrite                         0x0800509c   Section        0  msh_device.o(i.msh_cmd_dwrite)
    msh_cmd_dwrite                           0x0800509d   Thumb Code   468  msh_device.o(i.msh_cmd_dwrite)
    i.msh_cmd_echo                           0x080052e4   Section        0  msh.o(i.msh_cmd_echo)
    msh_cmd_echo                             0x080052e5   Thumb Code    74  msh.o(i.msh_cmd_echo)
    i.msh_cmd_help                           0x08005358   Section        0  msh.o(i.msh_cmd_help)
    msh_cmd_help                             0x08005359   Thumb Code    28  msh.o(i.msh_cmd_help)
    i.msh_cmd_logo                           0x08005388   Section        0  msh.o(i.msh_cmd_logo)
    msh_cmd_logo                             0x08005389   Thumb Code    42  msh.o(i.msh_cmd_logo)
    i.msh_delete_char                        0x080053cc   Section        0  msh.o(i.msh_delete_char)
    msh_delete_char                          0x080053cd   Thumb Code    58  msh.o(i.msh_delete_char)
    i.msh_dev_get_path                       0x08005418   Section        0  device.o(i.msh_dev_get_path)
    i.msh_dioctl_bufsz                       0x08005438   Section        0  msh_device.o(i.msh_dioctl_bufsz)
    msh_dioctl_bufsz                         0x08005439   Thumb Code   148  msh_device.o(i.msh_dioctl_bufsz)
    i.msh_dioctl_cmd                         0x08005520   Section        0  msh_device.o(i.msh_dioctl_cmd)
    msh_dioctl_cmd                           0x08005521   Thumb Code   246  msh_device.o(i.msh_dioctl_cmd)
    i.msh_dioctl_datasz                      0x08005668   Section        0  msh_device.o(i.msh_dioctl_datasz)
    msh_dioctl_datasz                        0x08005669   Thumb Code   136  msh_device.o(i.msh_dioctl_datasz)
    i.msh_dioctl_pos                         0x08005740   Section        0  msh_device.o(i.msh_dioctl_pos)
    msh_dioctl_pos                           0x08005741   Thumb Code    98  msh_device.o(i.msh_dioctl_pos)
    i.msh_dlist_tree                         0x080057e0   Section        0  device.o(i.msh_dlist_tree)
    i.msh_get_root                           0x08005880   Section        0  device.o(i.msh_get_root)
    i.msh_history_pop_next                   0x08005888   Section        0  msh.o(i.msh_history_pop_next)
    msh_history_pop_next                     0x08005889   Thumb Code    82  msh.o(i.msh_history_pop_next)
    i.msh_history_push                       0x080058e0   Section        0  msh.o(i.msh_history_push)
    msh_history_push                         0x080058e1   Thumb Code    90  msh.o(i.msh_history_push)
    i.msh_insert_char                        0x08005940   Section        0  msh.o(i.msh_insert_char)
    msh_insert_char                          0x08005941   Thumb Code    88  msh.o(i.msh_insert_char)
    i.msh_key_backspace                      0x080059a8   Section        0  msh.o(i.msh_key_backspace)
    msh_key_backspace                        0x080059a9   Thumb Code     4  msh.o(i.msh_key_backspace)
    i.msh_key_delete                         0x080059ac   Section        0  msh.o(i.msh_key_delete)
    msh_key_delete                           0x080059ad   Thumb Code    14  msh.o(i.msh_key_delete)
    i.msh_key_down                           0x080059ba   Section        0  msh.o(i.msh_key_down)
    msh_key_down                             0x080059bb   Thumb Code     4  msh.o(i.msh_key_down)
    i.msh_key_enter                          0x080059be   Section        0  msh.o(i.msh_key_enter)
    msh_key_enter                            0x080059bf   Thumb Code    14  msh.o(i.msh_key_enter)
    i.msh_key_left                           0x080059cc   Section        0  msh.o(i.msh_key_left)
    msh_key_left                             0x080059cd   Thumb Code    20  msh.o(i.msh_key_left)
    i.msh_key_right                          0x080059ec   Section        0  msh.o(i.msh_key_right)
    msh_key_right                            0x080059ed   Thumb Code     4  msh.o(i.msh_key_right)
    i.msh_key_table                          0x080059f0   Section        0  msh.o(i.msh_key_table)
    msh_key_table                            0x080059f1   Thumb Code    70  msh.o(i.msh_key_table)
    i.msh_key_up                             0x08005a44   Section        0  msh.o(i.msh_key_up)
    msh_key_up                               0x08005a45   Thumb Code    76  msh.o(i.msh_key_up)
    i.msh_move_cursor_right                  0x08005a94   Section        0  msh.o(i.msh_move_cursor_right)
    msh_move_cursor_right                    0x08005a95   Thumb Code    22  msh.o(i.msh_move_cursor_right)
    i.msh_new_current_line                   0x08005ab8   Section        0  msh.o(i.msh_new_current_line)
    msh_new_current_line                     0x08005ab9   Thumb Code    28  msh.o(i.msh_new_current_line)
    i.msh_parse_cmd                          0x08005ae4   Section        0  msh.o(i.msh_parse_cmd)
    msh_parse_cmd                            0x08005ae5   Thumb Code   150  msh.o(i.msh_parse_cmd)
    i.msh_parse_key                          0x08005ba4   Section        0  msh.o(i.msh_parse_key)
    msh_parse_key                            0x08005ba5   Thumb Code   168  msh.o(i.msh_parse_key)
    i.msh_printf_1                           0x08005c54   Section        0  msh_device.o(i.msh_printf_1)
    msh_printf_1                             0x08005c55   Thumb Code    62  msh_device.o(i.msh_printf_1)
    i.msh_printf_2                           0x08005ca8   Section        0  msh_device.o(i.msh_printf_2)
    msh_printf_2                             0x08005ca9   Thumb Code    56  msh_device.o(i.msh_printf_2)
    i.msh_printf_4                           0x08005cf0   Section        0  msh_device.o(i.msh_printf_4)
    msh_printf_4                             0x08005cf1   Thumb Code    56  msh_device.o(i.msh_printf_4)
    i.msh_refresh_line                       0x08005d38   Section        0  msh.o(i.msh_refresh_line)
    msh_refresh_line                         0x08005d39   Thumb Code    36  msh.o(i.msh_refresh_line)
    i.msh_update_path                        0x08005d7c   Section        0  msh_device.o(i.msh_update_path)
    msh_update_path                          0x08005d7d   Thumb Code    58  msh_device.o(i.msh_update_path)
    i.serial_init                            0x08005dc4   Section        0  main.o(i.serial_init)
    i.start                                  0x08005e5c   Section        0  service.o(i.start)
    start                                    0x08005e5d   Thumb Code     2  service.o(i.start)
    .constdata                               0x08005e60   Section       24  main.o(.constdata)
    .constdata                               0x08005e78   Section       18  stm32f1xx_hal_rcc.o(.constdata)
    aPredivFactorTable                       0x08005e78   Data           2  stm32f1xx_hal_rcc.o(.constdata)
    aPLLMULFactorTable                       0x08005e7a   Data          16  stm32f1xx_hal_rcc.o(.constdata)
    .constdata                               0x08005e8a   Section       16  system_stm32f1xx.o(.constdata)
    .constdata                               0x08005e9a   Section        8  system_stm32f1xx.o(.constdata)
    .constdata                               0x08005ea2   Section       16  pin.o(.constdata)
    __FUNCTION__                             0x08005ea2   Data          16  pin.o(.constdata)
    .constdata                               0x08005eb4   Section       44  serial.o(.constdata)
    __FUNCTION__                             0x08005eb4   Data          19  serial.o(.constdata)
    .constdata                               0x08005ee0   Section       64  device.o(.constdata)
    __FUNCTION__                             0x08005ee0   Data          16  device.o(.constdata)
    __FUNCTION__                             0x08005ef0   Data          11  device.o(.constdata)
    __FUNCTION__                             0x08005efb   Data          12  device.o(.constdata)
    __FUNCTION__                             0x08005f07   Data          12  device.o(.constdata)
    __FUNCTION__                             0x08005f13   Data          13  device.o(.constdata)
    .constdata                               0x08005f20   Section      290  service.o(.constdata)
    __FUNCTION__                             0x08005f20   Data          16  service.o(.constdata)
    __FUNCTION__                             0x08005f30   Data          20  service.o(.constdata)
    __FUNCTION__                             0x08005f44   Data          16  service.o(.constdata)
    __FUNCTION__                             0x08005f54   Data          17  service.o(.constdata)
    __FUNCTION__                             0x08005f65   Data          25  service.o(.constdata)
    __FUNCTION__                             0x08005f7e   Data          26  service.o(.constdata)
    __FUNCTION__                             0x08005f98   Data          21  service.o(.constdata)
    __FUNCTION__                             0x08005fad   Data          15  service.o(.constdata)
    __FUNCTION__                             0x08005fbc   Data          16  service.o(.constdata)
    __FUNCTION__                             0x08005fcc   Data          16  service.o(.constdata)
    __FUNCTION__                             0x08005fdc   Data          22  service.o(.constdata)
    __FUNCTION__                             0x08005ff2   Data          17  service.o(.constdata)
    __FUNCTION__                             0x08006003   Data          23  service.o(.constdata)
    __FUNCTION__                             0x0800601a   Data          12  service.o(.constdata)
    __FUNCTION__                             0x08006026   Data          14  service.o(.constdata)
    __FUNCTION__                             0x08006034   Data          14  service.o(.constdata)
    .constdata                               0x08006042   Section       64  ctype_c.o(.constdata)
    .conststring                             0x08006084   Section      465  msh.o(.conststring)
    .conststring                             0x08006258   Section        8  drv_serial_1.o(.conststring)
    .conststring                             0x08006260   Section      153  device.o(.conststring)
    .conststrlit                             0x080062fc   Section      128  msh.o(.conststrlit)
    .conststrlit                             0x0800637c   Section      195  msh_device.o(.conststrlit)
    mr_auto_init.0                           0x08006460   Section        4  service.o(mr_auto_init.0)
    __tagsym$$used                           0x08006460   Number         0  service.o(mr_auto_init.0)
    mr_auto_init.1                           0x08006464   Section        4  memory.o(mr_auto_init.1)
    __tagsym$$used                           0x08006464   Number         0  memory.o(mr_auto_init.1)
    mr_auto_init.2                           0x08006468   Section        4  drv_pin_1.o(mr_auto_init.2)
    __tagsym$$used                           0x08006468   Number         0  drv_pin_1.o(mr_auto_init.2)
    mr_auto_init.2                           0x0800646c   Section        4  drv_serial_1.o(mr_auto_init.2)
    __tagsym$$used                           0x0800646c   Number         0  drv_serial_1.o(mr_auto_init.2)
    mr_auto_init.3                           0x08006470   Section        4  msh.o(mr_auto_init.3)
    __tagsym$$used                           0x08006470   Number         0  msh.o(mr_auto_init.3)
    mr_auto_init.4                           0x08006474   Section        8  main.o(mr_auto_init.4)
    __tagsym$$used                           0x08006474   Number         0  main.o(mr_auto_init.4)
    __tagsym$$used                           0x08006478   Number         0  main.o(mr_auto_init.4)
    mr_auto_init.5.end                       0x0800647c   Section        4  service.o(mr_auto_init.5.end)
    __tagsym$$used                           0x0800647c   Number         0  service.o(mr_auto_init.5.end)
    mr_msh_cmd.0                             0x08006480   Section       12  msh.o(mr_msh_cmd.0)
    __tagsym$$used                           0x08006480   Number         0  msh.o(mr_msh_cmd.0)
    mr_msh_cmd.1                             0x0800648c   Section       48  msh.o(mr_msh_cmd.1)
    __tagsym$$used                           0x0800648c   Number         0  msh.o(mr_msh_cmd.1)
    __tagsym$$used                           0x08006498   Number         0  msh.o(mr_msh_cmd.1)
    __tagsym$$used                           0x080064a4   Number         0  msh.o(mr_msh_cmd.1)
    __tagsym$$used                           0x080064b0   Number         0  msh.o(mr_msh_cmd.1)
    mr_msh_cmd.1                             0x080064bc   Section       84  msh_device.o(mr_msh_cmd.1)
    __tagsym$$used                           0x080064bc   Number         0  msh_device.o(mr_msh_cmd.1)
    __tagsym$$used                           0x080064c8   Number         0  msh_device.o(mr_msh_cmd.1)
    __tagsym$$used                           0x080064d4   Number         0  msh_device.o(mr_msh_cmd.1)
    __tagsym$$used                           0x080064e0   Number         0  msh_device.o(mr_msh_cmd.1)
    __tagsym$$used                           0x080064ec   Number         0  msh_device.o(mr_msh_cmd.1)
    __tagsym$$used                           0x080064f8   Number         0  msh_device.o(mr_msh_cmd.1)
    __tagsym$$used                           0x08006504   Number         0  msh_device.o(mr_msh_cmd.1)
    mr_msh_cmd.1.end                         0x08006510   Section       12  msh.o(mr_msh_cmd.1.end)
    __tagsym$$used                           0x08006510   Number         0  msh.o(mr_msh_cmd.1.end)
    .data                                    0x20000000   Section        8  main.o(.data)
    .data                                    0x20000008   Section       12  stm32f1xx_hal.o(.data)
    .data                                    0x20000014   Section        4  system_stm32f1xx.o(.data)
    .data                                    0x20000018   Section       64  msh.o(.data)
    msh_key_map                              0x20000018   Data          64  msh.o(.data)
    .data                                    0x20000058   Section       16  msh_device.o(.data)
    msh_desc                                 0x20000058   Data           4  msh_device.o(.data)
    msh_printf_fn                            0x2000005c   Data          12  msh_device.o(.data)
    .data                                    0x20000068   Section        4  fast_pin.o(.data)
    dev                                      0x20000068   Data           4  fast_pin.o(.data)
    .data                                    0x2000006c   Section       24  pin.o(.data)
    ops                                      0x2000006c   Data          24  pin.o(.data)
    .data                                    0x20000084   Section       24  serial.o(.data)
    ops                                      0x20000084   Data          24  serial.o(.data)
    .data                                    0x2000009c   Section      180  drv_pin_1.o(.data)
    pin_drv                                  0x2000009c   Data           8  drv_pin_1.o(.data)
    pin_irq_map                              0x200000a4   Data          16  drv_pin_1.o(.data)
    pin_irq_mask                             0x200000b4   Data          64  drv_pin_1.o(.data)
    pin_port_drv_data                        0x200000f4   Data          28  drv_pin_1.o(.data)
    pin_drv_data                             0x20000110   Data          64  drv_pin_1.o(.data)
    .data                                    0x20000150   Section       12  drv_pin_1.o(.data)
    pin_drv_ops                              0x20000150   Data          12  drv_pin_1.o(.data)
    .data                                    0x2000015c   Section       12  drv_serial_1.o(.data)
    serial_path                              0x2000015c   Data           4  drv_serial_1.o(.data)
    serial_drv                               0x20000160   Data           8  drv_serial_1.o(.data)
    .data                                    0x20000168   Section       80  drv_serial_1.o(.data)
    serial_drv_data                          0x20000168   Data          80  drv_serial_1.o(.data)
    .data                                    0x200001b8   Section       20  drv_serial_1.o(.data)
    serial_drv_ops                           0x200001b8   Data          20  drv_serial_1.o(.data)
    .data                                    0x200001cc   Section       84  device.o(.data)
    root_dev                                 0x200001cc   Data          84  device.o(.data)
    .data                                    0x20000220   Section        8  memory.o(.data)
    heap_start                               0x20000220   Data           8  memory.o(.data)
    .data                                    0x20000228   Section       10  service.o(.data)
    desc                                     0x20000228   Data           4  service.o(.data)
    str                                      0x2000022c   Data           6  service.o(.data)
    .bss                                     0x20000234   Section      320  msh.o(.bss)
    buf                                      0x20000234   Data         128  msh.o(.bss)
    msh                                      0x200002b4   Data         192  msh.o(.bss)
    .bss                                     0x20000374   Section       72  msh_device.o(.bss)
    msh_path                                 0x20000374   Data          72  msh_device.o(.bss)
    .bss                                     0x200003bc   Section      212  drv_pin_1.o(.bss)
    pin_dev                                  0x200003bc   Data         212  drv_pin_1.o(.bss)
    .bss                                     0x20000490   Section      160  drv_serial_1.o(.bss)
    serial_dev                               0x20000490   Data         160  drv_serial_1.o(.bss)
    .bss                                     0x20000530   Section     2304  device.o(.bss)
    desc_map                                 0x20000530   Data        2304  device.o(.bss)
    .bss                                     0x20000e30   Section     4096  memory.o(.bss)
    heap_mem                                 0x20000e30   Data        4096  memory.o(.bss)
    STACK                                    0x20001e30   Section     1024  startup_stm32f103xb.o(STACK)

    Global Symbols

    Symbol Name                              Value     Ov Type        Size  Object(Section)

    BuildAttributes$$THM_ISAv4$P$D$K$B$S$PE$A:L22UL41UL21$X:L11$S22US41US21$IEEE1$IW$USESV6$~STKCKD$USESV7$~SHL$OSPACE$ROPI$EBA8$MICROLIB$REQ8$PRES8$EABIv2 0x00000000   Number         0  anon$$obj.o ABSOLUTE
    __ARM_use_no_argv                        0x00000000   Number         0  main.o ABSOLUTE
    _printf_a                                0x00000000   Number         0  stubs.o ABSOLUTE
    _printf_c                                0x00000000   Number         0  stubs.o ABSOLUTE
    _printf_charcount                        0x00000000   Number         0  stubs.o ABSOLUTE
    _printf_d                                0x00000000   Number         0  stubs.o ABSOLUTE
    _printf_e                                0x00000000   Number         0  stubs.o ABSOLUTE
    _printf_f                                0x00000000   Number         0  stubs.o ABSOLUTE
    _printf_flags                            0x00000000   Number         0  stubs.o ABSOLUTE
    _printf_fp_dec                           0x00000000   Number         0  stubs.o ABSOLUTE
    _printf_fp_hex                           0x00000000   Number         0  stubs.o ABSOLUTE
    _printf_g                                0x00000000   Number         0  stubs.o ABSOLUTE
    _printf_i                                0x00000000   Number         0  stubs.o ABSOLUTE
    _printf_int_dec                          0x00000000   Number         0  stubs.o ABSOLUTE
    _printf_l                                0x00000000   Number         0  stubs.o ABSOLUTE
    _printf_lc                               0x00000000   Number         0  stubs.o ABSOLUTE
    _printf_ll                               0x00000000   Number         0  stubs.o ABSOLUTE
    _printf_lld                              0x00000000   Number         0  stubs.o ABSOLUTE
    _printf_lli                              0x00000000   Number         0  stubs.o ABSOLUTE
    _printf_llo                              0x00000000   Number         0  stubs.o ABSOLUTE
    _printf_llu                              0x00000000   Number         0  stubs.o ABSOLUTE
    _printf_llx                              0x00000000   Number         0  stubs.o ABSOLUTE
    _printf_longlong_dec                     0x00000000   Number         0  stubs.o ABSOLUTE
    _printf_longlong_hex                     0x00000000   Number         0  stubs.o ABSOLUTE
    _printf_longlong_oct                     0x00000000   Number         0  stubs.o ABSOLUTE
    _printf_ls                               0x00000000   Number         0  stubs.o ABSOLUTE
    _printf_mbtowc                           0x00000000   Number         0  stubs.o ABSOLUTE
    _printf_n                                0x00000000   Number         0  stubs.o ABSOLUTE
    _printf_o                                0x00000000   Number         0  stubs.o ABSOLUTE
    _printf_p                                0x00000000   Number         0  stubs.o ABSOLUTE
    _printf_percent                          0x00000000   Number         0  stubs.o ABSOLUTE
    _printf_pre_padding                      0x00000000   Number         0  stubs.o ABSOLUTE
    _printf_return_value                     0x00000000   Number         0  stubs.o ABSOLUTE
    _printf_s                                0x00000000   Number         0  stubs.o ABSOLUTE
    _printf_sizespec                         0x00000000   Number         0  stubs.o ABSOLUTE
    _printf_str                              0x00000000   Number         0  stubs.o ABSOLUTE
    _printf_truncate_signed                  0x00000000   Number         0  stubs.o ABSOLUTE
    _printf_truncate_unsigned                0x00000000   Number         0  stubs.o ABSOLUTE
    _printf_u                                0x00000000   Number         0  stubs.o ABSOLUTE
    _printf_wc                               0x00000000   Number         0  stubs.o ABSOLUTE
    _printf_wctomb                           0x00000000   Number         0  stubs.o ABSOLUTE
    _printf_widthprec                        0x00000000   Number         0  stubs.o ABSOLUTE
    _printf_x                                0x00000000   Number         0  stubs.o ABSOLUTE
    __arm_fini_                               - Undefined Weak Reference
    __cpp_initialize__aeabi_                  - Undefined Weak Reference
    __cxa_finalize                            - Undefined Weak Reference
    _clock_init                               - Undefined Weak Reference
    _microlib_exit                            - Undefined Weak Reference
    _scanf_longlong                           - Undefined Weak Reference
    _scanf_real                               - Undefined Weak Reference
    __Vectors_Size                           0x000000ec   Number         0  startup_stm32f103xb.o ABSOLUTE
    __Vectors                                0x08000000   Data           4  startup_stm32f103xb.o(RESET)
    __Vectors_End                            0x080000ec   Data           0  startup_stm32f103xb.o(RESET)
    __main                                   0x080000ed   Thumb Code     0  entry.o(.ARM.Collect$$$$00000000)
    _main_stk                                0x080000ed   Thumb Code     0  entry2.o(.ARM.Collect$$$$00000001)
    _main_scatterload                        0x080000f1   Thumb Code     0  entry5.o(.ARM.Collect$$$$00000004)
    __main_after_scatterload                 0x080000f5   Thumb Code     0  entry5.o(.ARM.Collect$$$$00000004)
    _main_clock                              0x080000f5   Thumb Code     0  entry7b.o(.ARM.Collect$$$$00000008)
    _main_cpp_init                           0x080000f5   Thumb Code     0  entry8b.o(.ARM.Collect$$$$0000000A)
    _main_init                               0x080000f5   Thumb Code     0  entry9a.o(.ARM.Collect$$$$0000000B)
    __rt_lib_shutdown_fini                   0x080000fd   Thumb Code     0  entry12b.o(.ARM.Collect$$$$0000000E)
    __rt_final_cpp                           0x08000101   Thumb Code     0  entry10a.o(.ARM.Collect$$$$0000000F)
    __rt_final_exit                          0x08000101   Thumb Code     0  entry11a.o(.ARM.Collect$$$$00000011)
    Reset_Handler                            0x08000105   Thumb Code     8  startup_stm32f103xb.o(.text)
    ADC1_2_IRQHandler                        0x0800011f   Thumb Code     0  startup_stm32f103xb.o(.text)
    CAN1_RX1_IRQHandler                      0x0800011f   Thumb Code     0  startup_stm32f103xb.o(.text)
    CAN1_SCE_IRQHandler                      0x0800011f   Thumb Code     0  startup_stm32f103xb.o(.text)
    DMA1_Channel1_IRQHandler                 0x0800011f   Thumb Code     0  startup_stm32f103xb.o(.text)
    DMA1_Channel2_IRQHandler                 0x0800011f   Thumb Code     0  startup_stm32f103xb.o(.text)
    DMA1_Channel3_IRQHandler                 0x0800011f   Thumb Code     0  startup_stm32f103xb.o(.text)
    DMA1_Channel4_IRQHandler                 0x0800011f   Thumb Code     0  startup_stm32f103xb.o(.text)
    DMA1_Channel5_IRQHandler                 0x0800011f   Thumb Code     0  startup_stm32f103xb.o(.text)
    DMA1_Channel6_IRQHandler                 0x0800011f   Thumb Code     0  startup_stm32f103xb.o(.text)
    DMA1_Channel7_IRQHandler                 0x0800011f   Thumb Code     0  startup_stm32f103xb.o(.text)
    FLASH_IRQHandler                         0x0800011f   Thumb Code     0  startup_stm32f103xb.o(.text)
    I2C1_ER_IRQHandler                       0x0800011f   Thumb Code     0  startup_stm32f103xb.o(.text)
    I2C1_EV_IRQHandler                       0x0800011f   Thumb Code     0  startup_stm32f103xb.o(.text)
    I2C2_ER_IRQHandler                       0x0800011f   Thumb Code     0  startup_stm32f103xb.o(.text)
    I2C2_EV_IRQHandler                       0x0800011f   Thumb Code     0  startup_stm32f103xb.o(.text)
    PVD_IRQHandler                           0x0800011f   Thumb Code     0  startup_stm32f103xb.o(.text)
    RCC_IRQHandler                           0x0800011f   Thumb Code     0  startup_stm32f103xb.o(.text)
    RTC_Alarm_IRQHandler                     0x0800011f   Thumb Code     0  startup_stm32f103xb.o(.text)
    RTC_IRQHandler                           0x0800011f   Thumb Code     0  startup_stm32f103xb.o(.text)
    SPI1_IRQHandler                          0x0800011f   Thumb Code     0  startup_stm32f103xb.o(.text)
    SPI2_IRQHandler                          0x0800011f   Thumb Code     0  startup_stm32f103xb.o(.text)
    TAMPER_IRQHandler                        0x0800011f   Thumb Code     0  startup_stm32f103xb.o(.text)
    TIM1_BRK_IRQHandler                      0x0800011f   Thumb Code     0  startup_stm32f103xb.o(.text)
    TIM1_CC_IRQHandler                       0x0800011f   Thumb Code     0  startup_stm32f103xb.o(.text)
    TIM1_TRG_COM_IRQHandler                  0x0800011f   Thumb Code     0  startup_stm32f103xb.o(.text)
    TIM1_UP_IRQHandler                       0x0800011f   Thumb Code     0  startup_stm32f103xb.o(.text)
    TIM2_IRQHandler                          0x0800011f   Thumb Code     0  startup_stm32f103xb.o(.text)
    TIM3_IRQHandler                          0x0800011f   Thumb Code     0  startup_stm32f103xb.o(.text)
    TIM4_IRQHandler                          0x0800011f   Thumb Code     0  startup_stm32f103xb.o(.text)
    USART2_IRQHandler                        0x0800011f   Thumb Code     0  startup_stm32f103xb.o(.text)
    USART3_IRQHandler                        0x0800011f   Thumb Code     0  startup_stm32f103xb.o(.text)
    USBWakeUp_IRQHandler                     0x0800011f   Thumb Code     0  startup_stm32f103xb.o(.text)
    USB_HP_CAN1_TX_IRQHandler                0x0800011f   Thumb Code     0  startup_stm32f103xb.o(.text)
    USB_LP_CAN1_RX0_IRQHandler               0x0800011f   Thumb Code     0  startup_stm32f103xb.o(.text)
    WWDG_IRQHandler                          0x0800011f   Thumb Code     0  startup_stm32f103xb.o(.text)
    __aeabi_llsr                             0x08000129   Thumb Code    32  llushr.o(.text)
    _ll_ushift_r                             0x08000129   Thumb Code     0  llushr.o(.text)
    __aeabi_memcpy                           0x08000149   Thumb Code    36  memcpya.o(.text)
    __aeabi_memcpy4                          0x08000149   Thumb Code     0  memcpya.o(.text)
    __aeabi_memcpy8                          0x08000149   Thumb Code     0  memcpya.o(.text)
    __aeabi_memset                           0x0800016d   Thumb Code    14  memseta.o(.text)
    __aeabi_memset4                          0x0800016d   Thumb Code     0  memseta.o(.text)
    __aeabi_memset8                          0x0800016d   Thumb Code     0  memseta.o(.text)
    __aeabi_memclr                           0x0800017b   Thumb Code     4  memseta.o(.text)
    __aeabi_memclr4                          0x0800017b   Thumb Code     0  memseta.o(.text)
    __aeabi_memclr8                          0x0800017b   Thumb Code     0  memseta.o(.text)
    _memset$wrapper                          0x0800017f   Thumb Code    18  memseta.o(.text)
    strncpy                                  0x08000191   Thumb Code    24  strncpy.o(.text)
    strchr                                   0x080001a9   Thumb Code    20  strchr.o(.text)
    strlen                                   0x080001bd   Thumb Code    14  strlen.o(.text)
    strcpy                                   0x080001cb   Thumb Code    18  strcpy.o(.text)
    strncmp                                  0x080001dd   Thumb Code    30  strncmp.o(.text)
    __0sscanf                                0x080001fd   Thumb Code    48  __0sscanf.o(.text)
    _scanf_int                               0x08000235   Thumb Code   332  _scanf_int.o(.text)
    _scanf_string                            0x08000381   Thumb Code   224  _scanf_str.o(.text)
    __aeabi_uidiv                            0x08000461   Thumb Code     0  uidiv.o(.text)
    __aeabi_uidivmod                         0x08000461   Thumb Code    44  uidiv.o(.text)
    __aeabi_uldivmod                         0x0800048d   Thumb Code    98  uldiv.o(.text)
    _chval                                   0x080004ef   Thumb Code    28  _chval.o(.text)
    __vfscanf_char                           0x08000519   Thumb Code    20  scanf_char.o(.text)
    _sgetc                                   0x08000535   Thumb Code    30  _sgetc.o(.text)
    _sbackspace                              0x08000553   Thumb Code    34  _sgetc.o(.text)
    __I$use$fp                               0x08000575   Thumb Code     0  iusefp.o(.text)
    __aeabi_dadd                             0x08000575   Thumb Code   322  dadd.o(.text)
    __aeabi_dsub                             0x080006b7   Thumb Code     6  dadd.o(.text)
    __aeabi_drsub                            0x080006bd   Thumb Code     6  dadd.o(.text)
    __aeabi_dmul                             0x080006c3   Thumb Code   228  dmul.o(.text)
    __aeabi_ddiv                             0x080007a7   Thumb Code   222  ddiv.o(.text)
    __aeabi_d2ulz                            0x08000885   Thumb Code    48  dfixul.o(.text)
    __aeabi_cdrcmple                         0x080008b5   Thumb Code    48  cdrcmple.o(.text)
    __scatterload                            0x080008e5   Thumb Code    28  init.o(.text)
    __scatterload_rt2                        0x080008e5   Thumb Code     0  init.o(.text)
    __aeabi_llsl                             0x08000909   Thumb Code    30  llshl.o(.text)
    _ll_shift_l                              0x08000909   Thumb Code     0  llshl.o(.text)
    __aeabi_lasr                             0x08000927   Thumb Code    36  llsshr.o(.text)
    _ll_sshift_r                             0x08000927   Thumb Code     0  llsshr.o(.text)
    isspace                                  0x0800094b   Thumb Code    10  isspace_c.o(.text)
    __vfscanf                                0x08000955   Thumb Code   810  _scanf.o(.text)
    _double_round                            0x08000c85   Thumb Code    30  depilogue.o(.text)
    _double_epilogue                         0x08000ca3   Thumb Code   156  depilogue.o(.text)
    __ctype_lookup                           0x08000d41   Thumb Code    34  ctype_c.o(.text)
    __decompress                             0x08000d69   Thumb Code     0  __dczerorl2.o(.text)
    __decompress1                            0x08000d69   Thumb Code    86  __dczerorl2.o(.text)
    BusFault_Handler                         0x08000dbf   Thumb Code     2  stm32f1xx_it.o(i.BusFault_Handler)
    DebugMon_Handler                         0x08000dc1   Thumb Code     2  stm32f1xx_it.o(i.DebugMon_Handler)
    EXTI0_IRQHandler                         0x08000dc5   Thumb Code    26  drv_pin_1.o(i.EXTI0_IRQHandler)
    EXTI15_10_IRQHandler                     0x08000df1   Thumb Code   148  drv_pin_1.o(i.EXTI15_10_IRQHandler)
    EXTI1_IRQHandler                         0x08000e95   Thumb Code    26  drv_pin_1.o(i.EXTI1_IRQHandler)
    EXTI2_IRQHandler                         0x08000ec1   Thumb Code    26  drv_pin_1.o(i.EXTI2_IRQHandler)
    EXTI3_IRQHandler                         0x08000eed   Thumb Code    26  drv_pin_1.o(i.EXTI3_IRQHandler)
    EXTI4_IRQHandler                         0x08000f19   Thumb Code    26  drv_pin_1.o(i.EXTI4_IRQHandler)
    EXTI9_5_IRQHandler                       0x08000f45   Thumb Code   120  drv_pin_1.o(i.EXTI9_5_IRQHandler)
    HAL_Delay                                0x08000fcd   Thumb Code    32  stm32f1xx_hal.o(i.HAL_Delay)
    HAL_GPIO_Init                            0x08000ff1   Thumb Code   462  stm32f1xx_hal_gpio.o(i.HAL_GPIO_Init)
    HAL_GPIO_ReadPin                         0x080011e9   Thumb Code    10  stm32f1xx_hal_gpio.o(i.HAL_GPIO_ReadPin)
    HAL_GPIO_WritePin                        0x080011f3   Thumb Code    10  stm32f1xx_hal_gpio.o(i.HAL_GPIO_WritePin)
    HAL_GetTick                              0x080011fd   Thumb Code     6  stm32f1xx_hal.o(i.HAL_GetTick)
    HAL_IncTick                              0x08001209   Thumb Code    12  stm32f1xx_hal.o(i.HAL_IncTick)
    HAL_Init                                 0x08001219   Thumb Code    32  stm32f1xx_hal.o(i.HAL_Init)
    HAL_InitTick                             0x0800123d   Thumb Code    54  stm32f1xx_hal.o(i.HAL_InitTick)
    HAL_MspInit                              0x0800127d   Thumb Code    52  stm32f1xx_hal_msp.o(i.HAL_MspInit)
    HAL_NVIC_DisableIRQ                      0x080012b9   Thumb Code    34  stm32f1xx_hal_cortex.o(i.HAL_NVIC_DisableIRQ)
    HAL_NVIC_EnableIRQ                       0x080012db   Thumb Code    26  stm32f1xx_hal_cortex.o(i.HAL_NVIC_EnableIRQ)
    HAL_NVIC_SetPriority                     0x080012f5   Thumb Code    60  stm32f1xx_hal_cortex.o(i.HAL_NVIC_SetPriority)
    HAL_NVIC_SetPriorityGrouping             0x08001335   Thumb Code    26  stm32f1xx_hal_cortex.o(i.HAL_NVIC_SetPriorityGrouping)
    HAL_RCC_ClockConfig                      0x08001359   Thumb Code   280  stm32f1xx_hal_rcc.o(i.HAL_RCC_ClockConfig)
    HAL_RCC_GetPCLK1Freq                     0x08001485   Thumb Code    20  stm32f1xx_hal_rcc.o(i.HAL_RCC_GetPCLK1Freq)
    HAL_RCC_GetPCLK2Freq                     0x080014a5   Thumb Code    20  stm32f1xx_hal_rcc.o(i.HAL_RCC_GetPCLK2Freq)
    HAL_RCC_GetSysClockFreq                  0x080014c5   Thumb Code    58  stm32f1xx_hal_rcc.o(i.HAL_RCC_GetSysClockFreq)
    HAL_RCC_OscConfig                        0x08001511   Thumb Code   778  stm32f1xx_hal_rcc.o(i.HAL_RCC_OscConfig)
    HAL_SYSTICK_Config                       0x08001831   Thumb Code    40  stm32f1xx_hal_cortex.o(i.HAL_SYSTICK_Config)
    HAL_UART_DeInit                          0x08001859   Thumb Code    54  stm32f1xx_hal_uart.o(i.HAL_UART_DeInit)
    HAL_UART_Init                            0x0800188f   Thumb Code   100  stm32f1xx_hal_uart.o(i.HAL_UART_Init)
    HAL_UART_MspDeInit                       0x080018f3   Thumb Code     2  stm32f1xx_hal_uart.o(i.HAL_UART_MspDeInit)
    HAL_UART_MspInit                         0x080018f5   Thumb Code   102  main.o(i.HAL_UART_MspInit)
    HardFault_Handler                        0x08001969   Thumb Code     2  stm32f1xx_it.o(i.HardFault_Handler)
    MemManage_Handler                        0x0800196b   Thumb Code     2  stm32f1xx_it.o(i.MemManage_Handler)
    NMI_Handler                              0x0800196d   Thumb Code     2  stm32f1xx_it.o(i.NMI_Handler)
    PendSV_Handler                           0x0800196f   Thumb Code     2  stm32f1xx_it.o(i.PendSV_Handler)
    SVC_Handler                              0x08001971   Thumb Code     2  stm32f1xx_it.o(i.SVC_Handler)
    SysTick_Handler                          0x08001973   Thumb Code     4  stm32f1xx_it.o(i.SysTick_Handler)
    SystemClock_Config                       0x08001977   Thumb Code    80  main.o(i.SystemClock_Config)
    SystemInit                               0x080019c7   Thumb Code     2  system_stm32f1xx.o(i.SystemInit)
    USART1_IRQHandler                        0x08001a81   Thumb Code     6  drv_serial_1.o(i.USART1_IRQHandler)
    UsageFault_Handler                       0x08001a8d   Thumb Code     2  stm32f1xx_it.o(i.UsageFault_Handler)
    __0snprintf                              0x08001a91   Thumb Code    48  printfa.o(i.__0snprintf)
    __1snprintf                              0x08001a91   Thumb Code     0  printfa.o(i.__0snprintf)
    __2snprintf                              0x08001a91   Thumb Code     0  printfa.o(i.__0snprintf)
    __c89snprintf                            0x08001a91   Thumb Code     0  printfa.o(i.__0snprintf)
    snprintf                                 0x08001a91   Thumb Code     0  printfa.o(i.__0snprintf)
    __0vsnprintf                             0x08001ac5   Thumb Code    46  printfa.o(i.__0vsnprintf)
    __1vsnprintf                             0x08001ac5   Thumb Code     0  printfa.o(i.__0vsnprintf)
    __2vsnprintf                             0x08001ac5   Thumb Code     0  printfa.o(i.__0vsnprintf)
    __c89vsnprintf                           0x08001ac5   Thumb Code     0  printfa.o(i.__0vsnprintf)
    vsnprintf                                0x08001ac5   Thumb Code     0  printfa.o(i.__0vsnprintf)
    __scatterload_copy                       0x08001b19   Thumb Code    14  handlers.o(i.__scatterload_copy)
    __scatterload_null                       0x08001b27   Thumb Code     2  handlers.o(i.__scatterload_null)
    __scatterload_zeroinit                   0x08001b29   Thumb Code    14  handlers.o(i.__scatterload_zeroinit)
    _mr_fast_pin_init                        0x08001cd5   Thumb Code    24  fast_pin.o(i._mr_fast_pin_init)
    led_key_init                             0x08002bc1   Thumb Code   104  main.o(i.led_key_init)
    main                                     0x08002c75   Thumb Code    70  main.o(i.main)
    mr_auto_init                             0x08002cc1   Thumb Code    20  service.o(i.mr_auto_init)
    mr_delay_ms                              0x08002cdd   Thumb Code     4  mr_board_1.o(i.mr_delay_ms)
    mr_dev_close                             0x08002ce1   Thumb Code    44  device.o(i.mr_dev_close)
    mr_dev_ioctl                             0x08002d11   Thumb Code   326  device.o(i.mr_dev_ioctl)
    mr_dev_isr                               0x08002e5d   Thumb Code   192  device.o(i.mr_dev_isr)
    mr_dev_open                              0x08002fa1   Thumb Code   132  device.o(i.mr_dev_open)
    mr_dev_read                              0x080030b5   Thumb Code   152  device.o(i.mr_dev_read)
    mr_dev_register                          0x080031d9   Thumb Code   412  device.o(i.mr_dev_register)
    mr_dev_write                             0x0800346d   Thumb Code   186  device.o(i.mr_dev_write)
    mr_free                                  0x080035b5   Thumb Code    46  memory.o(i.mr_free)
    mr_interrupt_disable                     0x08003605   Thumb Code     2  service.o(i.mr_interrupt_disable)
    mr_interrupt_enable                      0x08003607   Thumb Code     2  service.o(i.mr_interrupt_enable)
    mr_malloc                                0x08003629   Thumb Code   122  memory.o(i.mr_malloc)
    mr_msh_handle                            0x080036a9   Thumb Code    48  msh.o(i.mr_msh_handle)
    mr_msh_input                             0x08003729   Thumb Code    52  msh.o(i.mr_msh_input)
    mr_msh_printf                            0x08003769   Thumb Code    30  msh.o(i.mr_msh_printf)
    mr_msh_printf_output                     0x0800378d   Thumb Code    54  msh.o(i.mr_msh_printf_output)
    mr_msh_set_prompt                        0x080037d1   Thumb Code     8  msh.o(i.mr_msh_set_prompt)
    mr_pin_register                          0x0800391d   Thumb Code   142  pin.o(i.mr_pin_register)
    mr_printf                                0x08003ab5   Thumb Code    40  service.o(i.mr_printf)
    mr_printf_output                         0x08003add   Thumb Code    46  service.o(i.mr_printf_output)
    mr_ringbuf_allocate                      0x08003b19   Thumb Code    86  service.o(i.mr_ringbuf_allocate)
    mr_ringbuf_free                          0x08003be9   Thumb Code    52  service.o(i.mr_ringbuf_free)
    mr_ringbuf_get_bufsz                     0x08003c95   Thumb Code    32  service.o(i.mr_ringbuf_get_bufsz)
    mr_ringbuf_get_data_size                 0x08003d2d   Thumb Code    74  service.o(i.mr_ringbuf_get_data_size)
    mr_ringbuf_get_space_size                0x08003df1   Thumb Code    40  service.o(i.mr_ringbuf_get_space_size)
    mr_ringbuf_init                          0x08003e91   Thumb Code    76  service.o(i.mr_ringbuf_init)
    mr_ringbuf_pop                           0x08003f79   Thumb Code   106  service.o(i.mr_ringbuf_pop)
    mr_ringbuf_push_force                    0x0800406d   Thumb Code   110  service.o(i.mr_ringbuf_push_force)
    mr_ringbuf_read                          0x08004155   Thumb Code   154  service.o(i.mr_ringbuf_read)
    mr_ringbuf_reset                         0x0800428d   Thumb Code    44  service.o(i.mr_ringbuf_reset)
    mr_ringbuf_write                         0x08004331   Thumb Code   154  service.o(i.mr_ringbuf_write)
    mr_serial_register                       0x08004669   Thumb Code   216  serial.o(i.mr_serial_register)
    mr_strerror                              0x08004845   Thumb Code    60  service.o(i.mr_strerror)
    mr_strflags                              0x0800490d   Thumb Code    42  service.o(i.mr_strflags)
    msh_dev_get_path                         0x08005419   Thumb Code    26  device.o(i.msh_dev_get_path)
    msh_dlist_tree                           0x080057e1   Thumb Code   116  device.o(i.msh_dlist_tree)
    msh_get_root                             0x08005881   Thumb Code     4  device.o(i.msh_get_root)
    serial_init                              0x08005dc5   Thumb Code    76  main.o(i.serial_init)
    AHBPrescTable                            0x08005e8a   Data          16  system_stm32f1xx.o(.constdata)
    APBPrescTable                            0x08005e9a   Data           8  system_stm32f1xx.o(.constdata)
    __ctype_categories                       0x08006042   Data          64  ctype_c.o(.constdata)
    Region$$Table$$Base                      0x08006440   Number         0  anon$$obj.o(Region$$Table)
    Region$$Table$$Limit                     0x08006460   Number         0  anon$$obj.o(Region$$Table)
    _mr_auto_init_start                      0x08006460   Data           4  service.o(mr_auto_init.0)
    _mr_auto_init_mr_heap_init               0x08006464   Data           4  memory.o(mr_auto_init.1)
    _mr_auto_init_drv_pin_init               0x08006468   Data           4  drv_pin_1.o(mr_auto_init.2)
    _mr_auto_init_drv_serial_init            0x0800646c   Data           4  drv_serial_1.o(mr_auto_init.2)
    _mr_auto_init_mr_msh_init                0x08006470   Data           4  msh.o(mr_auto_init.3)
    _mr_auto_init_led_key_init               0x08006474   Data           4  main.o(mr_auto_init.4)
    _mr_auto_init_serial_init                0x08006478   Data           4  main.o(mr_auto_init.4)
    _mr_auto_init_end                        0x0800647c   Data           4  service.o(mr_auto_init.5.end)
    _mr_msh_cmd_start                        0x08006480   Data          12  msh.o(mr_msh_cmd.0)
    _mr_msh_cmd_help                         0x0800648c   Data          12  msh.o(mr_msh_cmd.1)
    _mr_msh_cmd_clear                        0x08006498   Data          12  msh.o(mr_msh_cmd.1)
    _mr_msh_cmd_logo                         0x080064a4   Data          12  msh.o(mr_msh_cmd.1)
    _mr_msh_cmd_echo                         0x080064b0   Data          12  msh.o(mr_msh_cmd.1)
    _mr_msh_cmd_dlist                        0x080064bc   Data          12  msh_device.o(mr_msh_cmd.1)
    _mr_msh_cmd_dselect                      0x080064c8   Data          12  msh_device.o(mr_msh_cmd.1)
    _mr_msh_cmd_dopen                        0x080064d4   Data          12  msh_device.o(mr_msh_cmd.1)
    _mr_msh_cmd_dclose                       0x080064e0   Data          12  msh_device.o(mr_msh_cmd.1)
    _mr_msh_cmd_dioctl                       0x080064ec   Data          12  msh_device.o(mr_msh_cmd.1)
    _mr_msh_cmd_dread                        0x080064f8   Data          12  msh_device.o(mr_msh_cmd.1)
    _mr_msh_cmd_dwrite                       0x08006504   Data          12  msh_device.o(mr_msh_cmd.1)
    _mr_msh_cmd_end                          0x08006510   Data          12  msh.o(mr_msh_cmd.1.end)
    led_ds                                   0x20000000   Data           4  main.o(.data)
    serial_ds                                0x20000004   Data           4  main.o(.data)
    uwTickFreq                               0x20000008   Data           1  stm32f1xx_hal.o(.data)
    uwTickPrio                               0x2000000c   Data           4  stm32f1xx_hal.o(.data)
    uwTick                                   0x20000010   Data           4  stm32f1xx_hal.o(.data)
    SystemCoreClock                          0x20000014   Data           4  system_stm32f1xx.o(.data)
    __initial_sp                             0x20002230   Data           0  startup_stm32f103xb.o(STACK)



==============================================================================

Memory Map of the image

  Image Entry point : 0x080000ed

  Load Region LR_IROM1 (Base: 0x08000000, Size: 0x00006750, Max: 0x00080000, ABSOLUTE, COMPRESSED[0x00006610])

    Execution Region ER_IROM1 (Exec base: 0x08000000, Load base: 0x08000000, Size: 0x0000651c, Max: 0x00080000, ABSOLUTE)

    Exec Addr    Load Addr    Size         Type   Attr      Idx    E Section Name        Object

    0x08000000   0x08000000   0x000000ec   Data   RO            3    RESET               startup_stm32f103xb.o
    0x080000ec   0x080000ec   0x00000000   Code   RO         3908  * .ARM.Collect$$$$00000000  mc_w.l(entry.o)
    0x080000ec   0x080000ec   0x00000004   Code   RO         4196    .ARM.Collect$$$$00000001  mc_w.l(entry2.o)
    0x080000f0   0x080000f0   0x00000004   Code   RO         4199    .ARM.Collect$$$$00000004  mc_w.l(entry5.o)
    0x080000f4   0x080000f4   0x00000000   Code   RO         4201    .ARM.Collect$$$$00000008  mc_w.l(entry7b.o)
    0x080000f4   0x080000f4   0x00000000   Code   RO         4203    .ARM.Collect$$$$0000000A  mc_w.l(entry8b.o)
    0x080000f4   0x080000f4   0x00000008   Code   RO         4204    .ARM.Collect$$$$0000000B  mc_w.l(entry9a.o)
    0x080000fc   0x080000fc   0x00000004   Code   RO         4211    .ARM.Collect$$$$0000000E  mc_w.l(entry12b.o)
    0x08000100   0x08000100   0x00000000   Code   RO         4206    .ARM.Collect$$$$0000000F  mc_w.l(entry10a.o)
    0x08000100   0x08000100   0x00000000   Code   RO         4208    .ARM.Collect$$$$00000011  mc_w.l(entry11a.o)
    0x08000100   0x08000100   0x00000004   Code   RO         4197    .ARM.Collect$$$$00002712  mc_w.l(entry2.o)
    0x08000104   0x08000104   0x00000024   Code   RO            4    .text               startup_stm32f103xb.o
    0x08000128   0x08000128   0x00000020   Code   RO         3911    .text               mc_w.l(llushr.o)
    0x08000148   0x08000148   0x00000024   Code   RO         3913    .text               mc_w.l(memcpya.o)
    0x0800016c   0x0800016c   0x00000024   Code   RO         3915    .text               mc_w.l(memseta.o)
    0x08000190   0x08000190   0x00000018   Code   RO         3917    .text               mc_w.l(strncpy.o)
    0x080001a8   0x080001a8   0x00000014   Code   RO         3919    .text               mc_w.l(strchr.o)
    0x080001bc   0x080001bc   0x0000000e   Code   RO         3921    .text               mc_w.l(strlen.o)
    0x080001ca   0x080001ca   0x00000012   Code   RO         3923    .text               mc_w.l(strcpy.o)
    0x080001dc   0x080001dc   0x0000001e   Code   RO         3925    .text               mc_w.l(strncmp.o)
    0x080001fa   0x080001fa   0x00000002   PAD
    0x080001fc   0x080001fc   0x00000038   Code   RO         4190    .text               mc_w.l(__0sscanf.o)
    0x08000234   0x08000234   0x0000014c   Code   RO         4192    .text               mc_w.l(_scanf_int.o)
    0x08000380   0x08000380   0x000000e0   Code   RO         4194    .text               mc_w.l(_scanf_str.o)
    0x08000460   0x08000460   0x0000002c   Code   RO         4215    .text               mc_w.l(uidiv.o)
    0x0800048c   0x0800048c   0x00000062   Code   RO         4217    .text               mc_w.l(uldiv.o)
    0x080004ee   0x080004ee   0x0000001c   Code   RO         4219    .text               mc_w.l(_chval.o)
    0x0800050a   0x0800050a   0x00000002   PAD
    0x0800050c   0x0800050c   0x00000028   Code   RO         4221    .text               mc_w.l(scanf_char.o)
    0x08000534   0x08000534   0x00000040   Code   RO         4223    .text               mc_w.l(_sgetc.o)
    0x08000574   0x08000574   0x00000000   Code   RO         4225    .text               mc_w.l(iusefp.o)
    0x08000574   0x08000574   0x0000014e   Code   RO         4226    .text               mf_w.l(dadd.o)
    0x080006c2   0x080006c2   0x000000e4   Code   RO         4228    .text               mf_w.l(dmul.o)
    0x080007a6   0x080007a6   0x000000de   Code   RO         4230    .text               mf_w.l(ddiv.o)
    0x08000884   0x08000884   0x00000030   Code   RO         4232    .text               mf_w.l(dfixul.o)
    0x080008b4   0x080008b4   0x00000030   Code   RO         4234    .text               mf_w.l(cdrcmple.o)
    0x080008e4   0x080008e4   0x00000024   Code   RO         4236    .text               mc_w.l(init.o)
    0x08000908   0x08000908   0x0000001e   Code   RO         4239    .text               mc_w.l(llshl.o)
    0x08000926   0x08000926   0x00000024   Code   RO         4241    .text               mc_w.l(llsshr.o)
    0x0800094a   0x0800094a   0x0000000a   Code   RO         4243    .text               mc_w.l(isspace_c.o)
    0x08000954   0x08000954   0x00000330   Code   RO         4245    .text               mc_w.l(_scanf.o)
    0x08000c84   0x08000c84   0x000000ba   Code   RO         4248    .text               mf_w.l(depilogue.o)
    0x08000d3e   0x08000d3e   0x00000002   PAD
    0x08000d40   0x08000d40   0x00000028   Code   RO         4250    .text               mc_w.l(ctype_c.o)
    0x08000d68   0x08000d68   0x00000056   Code   RO         4261    .text               mc_w.l(__dczerorl2.o)
    0x08000dbe   0x08000dbe   0x00000002   Code   RO          254    i.BusFault_Handler  stm32f1xx_it.o
    0x08000dc0   0x08000dc0   0x00000002   Code   RO          255    i.DebugMon_Handler  stm32f1xx_it.o
    0x08000dc2   0x08000dc2   0x00000002   PAD
    0x08000dc4   0x08000dc4   0x0000002c   Code   RO         3255    i.EXTI0_IRQHandler  drv_pin_1.o
    0x08000df0   0x08000df0   0x000000a4   Code   RO         3256    i.EXTI15_10_IRQHandler  drv_pin_1.o
    0x08000e94   0x08000e94   0x0000002c   Code   RO         3257    i.EXTI1_IRQHandler  drv_pin_1.o
    0x08000ec0   0x08000ec0   0x0000002c   Code   RO         3258    i.EXTI2_IRQHandler  drv_pin_1.o
    0x08000eec   0x08000eec   0x0000002c   Code   RO         3259    i.EXTI3_IRQHandler  drv_pin_1.o
    0x08000f18   0x08000f18   0x0000002c   Code   RO         3260    i.EXTI4_IRQHandler  drv_pin_1.o
    0x08000f44   0x08000f44   0x00000088   Code   RO         3261    i.EXTI9_5_IRQHandler  drv_pin_1.o
    0x08000fcc   0x08000fcc   0x00000024   Code   RO         1369    i.HAL_Delay         stm32f1xx_hal.o
    0x08000ff0   0x08000ff0   0x000001f8   Code   RO         1679    i.HAL_GPIO_Init     stm32f1xx_hal_gpio.o
    0x080011e8   0x080011e8   0x0000000a   Code   RO         1681    i.HAL_GPIO_ReadPin  stm32f1xx_hal_gpio.o
    0x080011f2   0x080011f2   0x0000000a   Code   RO         1683    i.HAL_GPIO_WritePin  stm32f1xx_hal_gpio.o
    0x080011fc   0x080011fc   0x0000000c   Code   RO         1373    i.HAL_GetTick       stm32f1xx_hal.o
    0x08001208   0x08001208   0x00000010   Code   RO         1379    i.HAL_IncTick       stm32f1xx_hal.o
    0x08001218   0x08001218   0x00000024   Code   RO         1380    i.HAL_Init          stm32f1xx_hal.o
    0x0800123c   0x0800123c   0x00000040   Code   RO         1381    i.HAL_InitTick      stm32f1xx_hal.o
    0x0800127c   0x0800127c   0x0000003c   Code   RO          329    i.HAL_MspInit       stm32f1xx_hal_msp.o
    0x080012b8   0x080012b8   0x00000022   Code   RO         1838    i.HAL_NVIC_DisableIRQ  stm32f1xx_hal_cortex.o
    0x080012da   0x080012da   0x0000001a   Code   RO         1839    i.HAL_NVIC_EnableIRQ  stm32f1xx_hal_cortex.o
    0x080012f4   0x080012f4   0x00000040   Code   RO         1845    i.HAL_NVIC_SetPriority  stm32f1xx_hal_cortex.o
    0x08001334   0x08001334   0x00000024   Code   RO         1846    i.HAL_NVIC_SetPriorityGrouping  stm32f1xx_hal_cortex.o
    0x08001358   0x08001358   0x0000012c   Code   RO         1537    i.HAL_RCC_ClockConfig  stm32f1xx_hal_rcc.o
    0x08001484   0x08001484   0x00000020   Code   RO         1544    i.HAL_RCC_GetPCLK1Freq  stm32f1xx_hal_rcc.o
    0x080014a4   0x080014a4   0x00000020   Code   RO         1545    i.HAL_RCC_GetPCLK2Freq  stm32f1xx_hal_rcc.o
    0x080014c4   0x080014c4   0x0000004c   Code   RO         1546    i.HAL_RCC_GetSysClockFreq  stm32f1xx_hal_rcc.o
    0x08001510   0x08001510   0x00000320   Code   RO         1549    i.HAL_RCC_OscConfig  stm32f1xx_hal_rcc.o
    0x08001830   0x08001830   0x00000028   Code   RO         1850    i.HAL_SYSTICK_Config  stm32f1xx_hal_cortex.o
    0x08001858   0x08001858   0x00000036   Code   RO         2364    i.HAL_UART_DeInit   stm32f1xx_hal_uart.o
    0x0800188e   0x0800188e   0x00000064   Code   RO         2369    i.HAL_UART_Init     stm32f1xx_hal_uart.o
    0x080018f2   0x080018f2   0x00000002   Code   RO         2370    i.HAL_UART_MspDeInit  stm32f1xx_hal_uart.o
    0x080018f4   0x080018f4   0x00000074   Code   RO           14    i.HAL_UART_MspInit  main.o
    0x08001968   0x08001968   0x00000002   Code   RO          256    i.HardFault_Handler  stm32f1xx_it.o
    0x0800196a   0x0800196a   0x00000002   Code   RO          257    i.MemManage_Handler  stm32f1xx_it.o
    0x0800196c   0x0800196c   0x00000002   Code   RO          258    i.NMI_Handler       stm32f1xx_it.o
    0x0800196e   0x0800196e   0x00000002   Code   RO          259    i.PendSV_Handler    stm32f1xx_it.o
    0x08001970   0x08001970   0x00000002   Code   RO          260    i.SVC_Handler       stm32f1xx_it.o
    0x08001972   0x08001972   0x00000004   Code   RO          261    i.SysTick_Handler   stm32f1xx_it.o
    0x08001976   0x08001976   0x00000050   Code   RO           15    i.SystemClock_Config  main.o
    0x080019c6   0x080019c6   0x00000002   Code   RO         2703    i.SystemInit        system_stm32f1xx.o
    0x080019c8   0x080019c8   0x000000b8   Code   RO         2395    i.UART_SetConfig    stm32f1xx_hal_uart.o
    0x08001a80   0x08001a80   0x0000000c   Code   RO         3375    i.USART1_IRQHandler  drv_serial_1.o
    0x08001a8c   0x08001a8c   0x00000002   Code   RO          262    i.UsageFault_Handler  stm32f1xx_it.o
    0x08001a8e   0x08001a8e   0x00000002   PAD
    0x08001a90   0x08001a90   0x00000034   Code   RO         4163    i.__0snprintf       mc_w.l(printfa.o)
    0x08001ac4   0x08001ac4   0x00000034   Code   RO         4167    i.__0vsnprintf      mc_w.l(printfa.o)
    0x08001af8   0x08001af8   0x00000020   Code   RO         1852    i.__NVIC_SetPriority  stm32f1xx_hal_cortex.o
    0x08001b18   0x08001b18   0x0000000e   Code   RO         4255    i.__scatterload_copy  mc_w.l(handlers.o)
    0x08001b26   0x08001b26   0x00000002   Code   RO         4256    i.__scatterload_null  mc_w.l(handlers.o)
    0x08001b28   0x08001b28   0x0000000e   Code   RO         4257    i.__scatterload_zeroinit  mc_w.l(handlers.o)
    0x08001b36   0x08001b36   0x00000002   PAD
    0x08001b38   0x08001b38   0x00000018   Code   RO         3034    i._fast_pin_dev_get  fast_pin.o
    0x08001b50   0x08001b50   0x00000184   Code   RO         4169    i._fp_digits        mc_w.l(printfa.o)
    0x08001cd4   0x08001cd4   0x00000018   Code   RO         3035    i._mr_fast_pin_init  fast_pin.o
    0x08001cec   0x08001cec   0x000006b4   Code   RO         4170    i._printf_core      mc_w.l(printfa.o)
    0x080023a0   0x080023a0   0x00000024   Code   RO         4171    i._printf_post_padding  mc_w.l(printfa.o)
    0x080023c4   0x080023c4   0x0000002e   Code   RO         4172    i._printf_pre_padding  mc_w.l(printfa.o)
    0x080023f2   0x080023f2   0x00000016   Code   RO         4173    i._snputc           mc_w.l(printfa.o)
    0x08002408   0x08002408   0x0000005c   Code   RO         3511    i.desc_allocate     device.o
    0x08002464   0x08002464   0x00000044   Code   RO         3512    i.desc_free         device.o
    0x080024a8   0x080024a8   0x0000002c   Code   RO         3513    i.dev_close         device.o
    0x080024d4   0x080024d4   0x00000060   Code   RO         3514    i.dev_find          device.o
    0x08002534   0x08002534   0x0000006e   Code   RO         3515    i.dev_find_by_path  device.o
    0x080025a2   0x080025a2   0x00000002   PAD
    0x080025a4   0x080025a4   0x00000030   Code   RO         3516    i.dev_find_child    device.o
    0x080025d4   0x080025d4   0x0000003c   Code   RO         3517    i.dev_get_path      device.o
    0x08002610   0x08002610   0x0000001a   Code   RO         3518    i.dev_lock_release  device.o
    0x0800262a   0x0800262a   0x0000002e   Code   RO         3519    i.dev_lock_take     device.o
    0x08002658   0x08002658   0x0000003c   Code   RO         3520    i.dev_open          device.o
    0x08002694   0x08002694   0x000000a0   Code   RO         3521    i.dev_register_by_path  device.o
    0x08002734   0x08002734   0x000001cc   Code   RO         3262    i.drv_pin_configure  drv_pin_1.o
    0x08002900   0x08002900   0x00000018   Code   RO         3263    i.drv_pin_get_data  drv_pin_1.o
    0x08002918   0x08002918   0x0000001c   Code   RO         3264    i.drv_pin_get_port_data  drv_pin_1.o
    0x08002934   0x08002934   0x00000018   Code   RO         3265    i.drv_pin_init      drv_pin_1.o
    0x0800294c   0x0800294c   0x0000002e   Code   RO         3266    i.drv_pin_read      drv_pin_1.o
    0x0800297a   0x0800297a   0x0000002e   Code   RO         3267    i.drv_pin_write     drv_pin_1.o
    0x080029a8   0x080029a8   0x000000ca   Code   RO         3376    i.drv_serial_configure  drv_serial_1.o
    0x08002a72   0x08002a72   0x00000002   PAD
    0x08002a74   0x08002a74   0x00000014   Code   RO         3377    i.drv_serial_init   drv_serial_1.o
    0x08002a88   0x08002a88   0x0000005c   Code   RO         3378    i.drv_serial_isr    drv_serial_1.o
    0x08002ae4   0x08002ae4   0x0000002c   Code   RO         3379    i.drv_serial_read   drv_serial_1.o
    0x08002b10   0x08002b10   0x00000010   Code   RO         3380    i.drv_serial_start_tx  drv_serial_1.o
    0x08002b20   0x08002b20   0x00000010   Code   RO         3381    i.drv_serial_stop_tx  drv_serial_1.o
    0x08002b30   0x08002b30   0x0000002a   Code   RO         3382    i.drv_serial_write  drv_serial_1.o
    0x08002b5a   0x08002b5a   0x00000002   Code   RO         3704    i.end               service.o
    0x08002b5c   0x08002b5c   0x00000064   Code   RO         3653    i.heap_insert_block  memory.o
    0x08002bc0   0x08002bc0   0x000000b4   Code   RO           16    i.led_key_init      main.o
    0x08002c74   0x08002c74   0x0000004c   Code   RO           17    i.main              main.o
    0x08002cc0   0x08002cc0   0x0000001c   Code   RO         3705    i.mr_auto_init      service.o
    0x08002cdc   0x08002cdc   0x00000004   Code   RO         3487    i.mr_delay_ms       mr_board_1.o
    0x08002ce0   0x08002ce0   0x00000030   Code   RO         3522    i.mr_dev_close      device.o
    0x08002d10   0x08002d10   0x0000014c   Code   RO         3523    i.mr_dev_ioctl      device.o
    0x08002e5c   0x08002e5c   0x00000144   Code   RO         3524    i.mr_dev_isr        device.o
    0x08002fa0   0x08002fa0   0x00000114   Code   RO         3525    i.mr_dev_open       device.o
    0x080030b4   0x080030b4   0x00000124   Code   RO         3526    i.mr_dev_read       device.o
    0x080031d8   0x080031d8   0x00000294   Code   RO         3527    i.mr_dev_register   device.o
    0x0800346c   0x0800346c   0x00000148   Code   RO         3528    i.mr_dev_write      device.o
    0x080035b4   0x080035b4   0x0000002e   Code   RO         3655    i.mr_free           memory.o
    0x080035e2   0x080035e2   0x00000002   PAD
    0x080035e4   0x080035e4   0x00000020   Code   RO         3656    i.mr_heap_init      memory.o
    0x08003604   0x08003604   0x00000002   Code   RO         3717    i.mr_interrupt_disable  service.o
    0x08003606   0x08003606   0x00000002   Code   RO         3718    i.mr_interrupt_enable  service.o
    0x08003608   0x08003608   0x0000000e   Code   RO         3529    i.mr_list_insert_before  device.o
    0x08003616   0x08003616   0x00000012   Code   RO         3530    i.mr_list_remove    device.o
    0x08003628   0x08003628   0x00000080   Code   RO         3657    i.mr_malloc         memory.o
    0x080036a8   0x080036a8   0x00000034   Code   RO         2737    i.mr_msh_handle     msh.o
    0x080036dc   0x080036dc   0x0000004c   Code   RO         2738    i.mr_msh_init       msh.o
    0x08003728   0x08003728   0x00000040   Code   RO         2739    i.mr_msh_input      msh.o
    0x08003768   0x08003768   0x00000024   Code   RO         2740    i.mr_msh_printf     msh.o
    0x0800378c   0x0800378c   0x00000044   Code   RO         2741    i.mr_msh_printf_output  msh.o
    0x080037d0   0x080037d0   0x0000000c   Code   RO         2742    i.mr_msh_set_prompt  msh.o
    0x080037dc   0x080037dc   0x00000042   Code   RO         3082    i.mr_pin_close      pin.o
    0x0800381e   0x0800381e   0x00000096   Code   RO         3083    i.mr_pin_ioctl      pin.o
    0x080038b4   0x080038b4   0x00000012   Code   RO         3084    i.mr_pin_isr        pin.o
    0x080038c6   0x080038c6   0x00000056   Code   RO         3085    i.mr_pin_read       pin.o
    0x0800391c   0x0800391c   0x00000138   Code   RO         3086    i.mr_pin_register   pin.o
    0x08003a54   0x08003a54   0x00000060   Code   RO         3087    i.mr_pin_write      pin.o
    0x08003ab4   0x08003ab4   0x00000028   Code   RO         3719    i.mr_printf         service.o
    0x08003adc   0x08003adc   0x0000003c   Code   RO         3720    i.mr_printf_output  service.o
    0x08003b18   0x08003b18   0x000000d0   Code   RO         3721    i.mr_ringbuf_allocate  service.o
    0x08003be8   0x08003be8   0x000000ac   Code   RO         3722    i.mr_ringbuf_free   service.o
    0x08003c94   0x08003c94   0x00000098   Code   RO         3723    i.mr_ringbuf_get_bufsz  service.o
    0x08003d2c   0x08003d2c   0x000000c4   Code   RO         3724    i.mr_ringbuf_get_data_size  service.o
    0x08003df0   0x08003df0   0x000000a0   Code   RO         3725    i.mr_ringbuf_get_space_size  service.o
    0x08003e90   0x08003e90   0x000000e8   Code   RO         3726    i.mr_ringbuf_init   service.o
    0x08003f78   0x08003f78   0x000000f4   Code   RO         3727    i.mr_ringbuf_pop    service.o
    0x0800406c   0x0800406c   0x000000e8   Code   RO         3729    i.mr_ringbuf_push_force  service.o
    0x08004154   0x08004154   0x00000138   Code   RO         3730    i.mr_ringbuf_read   service.o
    0x0800428c   0x0800428c   0x000000a4   Code   RO         3731    i.mr_ringbuf_reset  service.o
    0x08004330   0x08004330   0x00000138   Code   RO         3732    i.mr_ringbuf_write  service.o
    0x08004468   0x08004468   0x0000002e   Code   RO         3130    i.mr_serial_close   serial.o
    0x08004496   0x08004496   0x000000e8   Code   RO         3131    i.mr_serial_ioctl   serial.o
    0x0800457e   0x0800457e   0x00000062   Code   RO         3132    i.mr_serial_isr     serial.o
    0x080045e0   0x080045e0   0x00000038   Code   RO         3133    i.mr_serial_open    serial.o
    0x08004618   0x08004618   0x0000004e   Code   RO         3134    i.mr_serial_read    serial.o
    0x08004666   0x08004666   0x00000002   PAD
    0x08004668   0x08004668   0x00000188   Code   RO         3135    i.mr_serial_register  serial.o
    0x080047f0   0x080047f0   0x00000054   Code   RO         3136    i.mr_serial_write   serial.o
    0x08004844   0x08004844   0x000000c8   Code   RO         3734    i.mr_strerror       service.o
    0x0800490c   0x0800490c   0x00000038   Code   RO         3735    i.mr_strflags       service.o
    0x08004944   0x08004944   0x00000014   Code   RO         2743    i.msh_cmd_clear     msh.o
    0x08004958   0x08004958   0x000000b0   Code   RO         2915    i.msh_cmd_dclose    msh_device.o
    0x08004a08   0x08004a08   0x0000017c   Code   RO         2916    i.msh_cmd_dioctl    msh_device.o
    0x08004b84   0x08004b84   0x00000110   Code   RO         2917    i.msh_cmd_dioctl_cfg  msh_device.o
    0x08004c94   0x08004c94   0x00000010   Code   RO         2918    i.msh_cmd_dlist     msh_device.o
    0x08004ca4   0x08004ca4   0x000000f8   Code   RO         2919    i.msh_cmd_dopen     msh_device.o
    0x08004d9c   0x08004d9c   0x00000250   Code   RO         2920    i.msh_cmd_dread     msh_device.o
    0x08004fec   0x08004fec   0x000000b0   Code   RO         2921    i.msh_cmd_dselect   msh_device.o
    0x0800509c   0x0800509c   0x00000248   Code   RO         2922    i.msh_cmd_dwrite    msh_device.o
    0x080052e4   0x080052e4   0x00000074   Code   RO         2744    i.msh_cmd_echo      msh.o
    0x08005358   0x08005358   0x00000030   Code   RO         2745    i.msh_cmd_help      msh.o
    0x08005388   0x08005388   0x00000044   Code   RO         2746    i.msh_cmd_logo      msh.o
    0x080053cc   0x080053cc   0x0000004c   Code   RO         2747    i.msh_delete_char   msh.o
    0x08005418   0x08005418   0x00000020   Code   RO         3531    i.msh_dev_get_path  device.o
    0x08005438   0x08005438   0x000000e8   Code   RO         2923    i.msh_dioctl_bufsz  msh_device.o
    0x08005520   0x08005520   0x00000148   Code   RO         2924    i.msh_dioctl_cmd    msh_device.o
    0x08005668   0x08005668   0x000000d8   Code   RO         2925    i.msh_dioctl_datasz  msh_device.o
    0x08005740   0x08005740   0x000000a0   Code   RO         2926    i.msh_dioctl_pos    msh_device.o
    0x080057e0   0x080057e0   0x000000a0   Code   RO         3532    i.msh_dlist_tree    device.o
    0x08005880   0x08005880   0x00000008   Code   RO         3533    i.msh_get_root      device.o
    0x08005888   0x08005888   0x00000058   Code   RO         2748    i.msh_history_pop_next  msh.o
    0x080058e0   0x080058e0   0x00000060   Code   RO         2749    i.msh_history_push  msh.o
    0x08005940   0x08005940   0x00000068   Code   RO         2750    i.msh_insert_char   msh.o
    0x080059a8   0x080059a8   0x00000004   Code   RO         2751    i.msh_key_backspace  msh.o
    0x080059ac   0x080059ac   0x0000000e   Code   RO         2752    i.msh_key_delete    msh.o
    0x080059ba   0x080059ba   0x00000004   Code   RO         2753    i.msh_key_down      msh.o
    0x080059be   0x080059be   0x0000000e   Code   RO         2754    i.msh_key_enter     msh.o
    0x080059cc   0x080059cc   0x00000020   Code   RO         2755    i.msh_key_left      msh.o
    0x080059ec   0x080059ec   0x00000004   Code   RO         2756    i.msh_key_right     msh.o
    0x080059f0   0x080059f0   0x00000054   Code   RO         2757    i.msh_key_table     msh.o
    0x08005a44   0x08005a44   0x00000050   Code   RO         2758    i.msh_key_up        msh.o
    0x08005a94   0x08005a94   0x00000024   Code   RO         2759    i.msh_move_cursor_right  msh.o
    0x08005ab8   0x08005ab8   0x0000002c   Code   RO         2760    i.msh_new_current_line  msh.o
    0x08005ae4   0x08005ae4   0x000000c0   Code   RO         2761    i.msh_parse_cmd     msh.o
    0x08005ba4   0x08005ba4   0x000000b0   Code   RO         2762    i.msh_parse_key     msh.o
    0x08005c54   0x08005c54   0x00000054   Code   RO         2927    i.msh_printf_1      msh_device.o
    0x08005ca8   0x08005ca8   0x00000048   Code   RO         2928    i.msh_printf_2      msh_device.o
    0x08005cf0   0x08005cf0   0x00000048   Code   RO         2929    i.msh_printf_4      msh_device.o
    0x08005d38   0x08005d38   0x00000044   Code   RO         2763    i.msh_refresh_line  msh.o
    0x08005d7c   0x08005d7c   0x00000048   Code   RO         2930    i.msh_update_path   msh_device.o
    0x08005dc4   0x08005dc4   0x00000098   Code   RO           18    i.serial_init       main.o
    0x08005e5c   0x08005e5c   0x00000002   Code   RO         3736    i.start             service.o
    0x08005e5e   0x08005e5e   0x00000002   PAD
    0x08005e60   0x08005e60   0x00000018   Data   RO           19    .constdata          main.o
    0x08005e78   0x08005e78   0x00000012   Data   RO         1550    .constdata          stm32f1xx_hal_rcc.o
    0x08005e8a   0x08005e8a   0x00000010   Data   RO         2704    .constdata          system_stm32f1xx.o
    0x08005e9a   0x08005e9a   0x00000008   Data   RO         2705    .constdata          system_stm32f1xx.o
    0x08005ea2   0x08005ea2   0x00000010   Data   RO         3088    .constdata          pin.o
    0x08005eb2   0x08005eb2   0x00000002   PAD
    0x08005eb4   0x08005eb4   0x0000002c   Data   RO         3137    .constdata          serial.o
    0x08005ee0   0x08005ee0   0x00000040   Data   RO         3535    .constdata          device.o
    0x08005f20   0x08005f20   0x00000122   Data   RO         3737    .constdata          service.o
    0x08006042   0x08006042   0x00000040   Data   RO         4251    .constdata          mc_w.l(ctype_c.o)
    0x08006082   0x08006082   0x00000002   PAD
    0x08006084   0x08006084   0x000001d1   Data   RO         2765    .conststring        msh.o
    0x08006255   0x08006255   0x00000003   PAD
    0x08006258   0x08006258   0x00000008   Data   RO         3384    .conststring        drv_serial_1.o
    0x08006260   0x08006260   0x00000099   Data   RO         3536    .conststring        device.o
    0x080062f9   0x080062f9   0x00000003   PAD
    0x080062fc   0x080062fc   0x00000080   Data   RO         2766    .conststrlit        msh.o
    0x0800637c   0x0800637c   0x000000c3   Data   RO         2932    .conststrlit        msh_device.o
    0x0800643f   0x0800643f   0x00000001   PAD
    0x08006440   0x08006440   0x00000020   Data   RO         4253    Region$$Table       anon$$obj.o
    0x08006460   0x08006460   0x00000004   Data   RO         3739    mr_auto_init.0      service.o
    0x08006464   0x08006464   0x00000004   Data   RO         3662    mr_auto_init.1      memory.o
    0x08006468   0x08006468   0x00000004   Data   RO         3271    mr_auto_init.2      drv_pin_1.o
    0x0800646c   0x0800646c   0x00000004   Data   RO         3388    mr_auto_init.2      drv_serial_1.o
    0x08006470   0x08006470   0x00000004   Data   RO         2768    mr_auto_init.3      msh.o
    0x08006474   0x08006474   0x00000008   Data   RO           21    mr_auto_init.4      main.o
    0x0800647c   0x0800647c   0x00000004   Data   RO         3740    mr_auto_init.5.end  service.o
    0x08006480   0x08006480   0x0000000c   Data   RO         2769    mr_msh_cmd.0        msh.o
    0x0800648c   0x0800648c   0x00000030   Data   RO         2770    mr_msh_cmd.1        msh.o
    0x080064bc   0x080064bc   0x00000054   Data   RO         2934    mr_msh_cmd.1        msh_device.o
    0x08006510   0x08006510   0x0000000c   Data   RO         2771    mr_msh_cmd.1.end    msh.o


    Execution Region RW_IRAM1 (Exec base: 0x20000000, Load base: 0x0800651c, Size: 0x00002230, Max: 0x00010000, ABSOLUTE, COMPRESSED[0x000000f4])

    Exec Addr    Load Addr    Size         Type   Attr      Idx    E Section Name        Object

    0x20000000   COMPRESSED   0x00000008   Data   RW           20    .data               main.o
    0x20000008   COMPRESSED   0x0000000c   Data   RW         1387    .data               stm32f1xx_hal.o
    0x20000014   COMPRESSED   0x00000004   Data   RW         2706    .data               system_stm32f1xx.o
    0x20000018   COMPRESSED   0x00000040   Data   RW         2767    .data               msh.o
    0x20000058   COMPRESSED   0x00000010   Data   RW         2933    .data               msh_device.o
    0x20000068   COMPRESSED   0x00000004   Data   RW         3039    .data               fast_pin.o
    0x2000006c   COMPRESSED   0x00000018   Data   RW         3089    .data               pin.o
    0x20000084   COMPRESSED   0x00000018   Data   RW         3138    .data               serial.o
    0x2000009c   COMPRESSED   0x000000b4   Data   RW         3269    .data               drv_pin_1.o
    0x20000150   COMPRESSED   0x0000000c   Data   RW         3270    .data               drv_pin_1.o
    0x2000015c   COMPRESSED   0x0000000c   Data   RW         3385    .data               drv_serial_1.o
    0x20000168   COMPRESSED   0x00000050   Data   RW         3386    .data               drv_serial_1.o
    0x200001b8   COMPRESSED   0x00000014   Data   RW         3387    .data               drv_serial_1.o
    0x200001cc   COMPRESSED   0x00000054   Data   RW         3537    .data               device.o
    0x20000220   COMPRESSED   0x00000008   Data   RW         3661    .data               memory.o
    0x20000228   COMPRESSED   0x0000000a   Data   RW         3738    .data               service.o
    0x20000232   COMPRESSED   0x00000002   PAD
    0x20000234        -       0x00000140   Zero   RW         2764    .bss                msh.o
    0x20000374        -       0x00000048   Zero   RW         2931    .bss                msh_device.o
    0x200003bc        -       0x000000d4   Zero   RW         3268    .bss                drv_pin_1.o
    0x20000490        -       0x000000a0   Zero   RW         3383    .bss                drv_serial_1.o
    0x20000530        -       0x00000900   Zero   RW         3534    .bss                device.o
    0x20000e30        -       0x00001000   Zero   RW         3660    .bss                memory.o
    0x20001e30        -       0x00000400   Zero   RW            1    STACK               startup_stm32f103xb.o


==============================================================================

Image component sizes


      Code (inc. data)   RO Data    RW Data    ZI Data      Debug   Object Name

      3302        894        217         84       2304      23255   device.o
      1148        196          4        192        212       8956   drv_pin_1.o
       444         24         12        112        160       5916   drv_serial_1.o
        48         10          0          4          0       2616   fast_pin.o
       604        172         32          8          0     463988   main.o
       306         20          4          8       4096       3259   memory.o
         4          0          0          0          0        454   mr_board_1.o
      1676        350        669         64        320      21441   msh.o
      3680       1238        279         16         72      14333   msh_device.o
       728        170         16         24          0       5818   pin.o
       986        194         44         24          0       9433   serial.o
      2776       1642        298         10          0      17313   service.o
        36          8        236          0       1024        788   startup_stm32f103xb.o
       164         28          0         12          0       6513   stm32f1xx_hal.o
       232         14          0          0          0      29501   stm32f1xx_hal_cortex.o
       524         42          0          0          0       3595   stm32f1xx_hal_gpio.o
        60          8          0          0          0        966   stm32f1xx_hal_msp.o
      1240         84         18          0          0       5144   stm32f1xx_hal_rcc.o
       340          6          0          0          0       3147   stm32f1xx_hal_uart.o
        20          0          0          0          0       3734   stm32f1xx_it.o
         2          0         24          4          0       1195   system_stm32f1xx.o

    ----------------------------------------------------------------------
     18334       5100       1894        564       8188     631365   Object Totals
         0          0         32          0          0          0   (incl. Generated)
        14          0          9          2          0          0   (incl. Padding)

    ----------------------------------------------------------------------

      Code (inc. data)   RO Data    RW Data    ZI Data      Debug   Library Member Name

        56          8          0          0          0         84   __0sscanf.o
        86          0          0          0          0          0   __dczerorl2.o
        28          0          0          0          0         68   _chval.o
       816          6          0          0          0        112   _scanf.o
       332          0          0          0          0         96   _scanf_int.o
       224          0          0          0          0         96   _scanf_str.o
        64          0          0          0          0         84   _sgetc.o
        40          6         64          0          0         68   ctype_c.o
         0          0          0          0          0          0   entry.o
         0          0          0          0          0          0   entry10a.o
         0          0          0          0          0          0   entry11a.o
         4          0          0          0          0          0   entry12b.o
         8          4          0          0          0          0   entry2.o
         4          0          0          0          0          0   entry5.o
         0          0          0          0          0          0   entry7b.o
         0          0          0          0          0          0   entry8b.o
         8          4          0          0          0          0   entry9a.o
        30          0          0          0          0          0   handlers.o
        36          8          0          0          0         68   init.o
        10          0          0          0          0         68   isspace_c.o
         0          0          0          0          0          0   iusefp.o
        30          0          0          0          0         68   llshl.o
        36          0          0          0          0         68   llsshr.o
        32          0          0          0          0         68   llushr.o
        36          0          0          0          0         68   memcpya.o
        36          0          0          0          0        108   memseta.o
      2312         90          0          0          0        616   printfa.o
        40          8          0          0          0         84   scanf_char.o
        20          0          0          0          0         68   strchr.o
        18          0          0          0          0         68   strcpy.o
        14          0          0          0          0         68   strlen.o
        30          0          0          0          0         80   strncmp.o
        24          0          0          0          0         76   strncpy.o
        44          0          0          0          0         80   uidiv.o
        98          0          0          0          0         92   uldiv.o
        48          0          0          0          0         68   cdrcmple.o
       334          0          0          0          0        148   dadd.o
       222          0          0          0          0        100   ddiv.o
       186          0          0          0          0        176   depilogue.o
        48          0          0          0          0         68   dfixul.o
       228          0          0          0          0         96   dmul.o

    ----------------------------------------------------------------------
      5590        134         66          0          0       3012   Library Totals
         8          0          2          0          0          0   (incl. Padding)

    ----------------------------------------------------------------------

      Code (inc. data)   RO Data    RW Data    ZI Data      Debug   Library Name

      4516        134         64          0          0       2356   mc_w.l
      1066          0          0          0          0        656   mf_w.l

    ----------------------------------------------------------------------
      5590        134         66          0          0       3012   Library Totals

    ----------------------------------------------------------------------

==============================================================================


      Code (inc. data)   RO Data    RW Data    ZI Data      Debug   

     23924       5234       1960        564       8188     624521   Grand Totals
     23924       5234       1960        244       8188     624521   ELF Image Totals (compressed)
     23924       5234       1960        244          0          0   ROM Totals

==============================================================================

    Total RO  Size (Code + RO Data)                25884 (  25.28kB)
    Total RW  Size (RW Data + ZI Data)              8752 (   8.55kB)
    Total ROM Size (Code + RO Data + RW Data)      26128 (  25.52kB)

==============================================================================

