<html>
<body>
<pre>
<h1>µVision Build Log</h1>
<h2>Tool Versions:</h2>
IDE-Version: ¦ÌVision V5.36.0.0
Copyright (C) 2021 ARM Ltd and ARM Germany GmbH. All rights reserved.
License Information: hai shan, hengsheng, LIC=QF82M-XRP7G-CXMU6-D3R06-4XUR7-YGURW
 
Tool Versions:
Toolchain:       MDK-ARM Plus  Version: 5.36.0.0
Toolchain Path:  C:\Keil_v5\ARM\ARMCC\Bin
C Compiler:      Armcc.exe V5.06 update 7 (build 960)
Assembler:       Armasm.exe V5.06 update 7 (build 960)
Linker/Locator:  ArmLink.exe V5.06 update 7 (build 960)
Library Manager: ArmAr.exe V5.06 update 7 (build 960)
Hex Converter:   FromElf.exe V5.06 update 7 (build 960)
CPU DLL:         SARMCM3.DLL V5.36.0.0
Dialog DLL:      DCM.DLL V1.17.3.0
Target DLL:      STLink\ST-LINKIII-KEIL_SWO.dll V3.0.9.0
Dialog DLL:      TARMSTM.DLL V1.66.0.0
 
<h2>Project:</h2>
D:\STM32F103C8T6_minisys\demo1\demo1\MDK-ARM\demo1.uvprojx
Project File Date:  04/13/2024

<h2>Output:</h2>
*** Using Compiler 'V5.06 update 7 (build 960)', folder: 'C:\Keil_v5\ARM\ARMCC\Bin'
Build target 'mr-library'
Note: source file '../mr-library/driver/drv_adc.c' - object file renamed from 'demo1\drv_adc.o' to 'demo1\drv_adc_1.o'.
Note: source file '../mr-library/driver/drv_dac.c' - object file renamed from 'demo1\drv_dac.o' to 'demo1\drv_dac_1.o'.
Note: source file '../mr-library/driver/drv_pin.c' - object file renamed from 'demo1\drv_pin.o' to 'demo1\drv_pin_1.o'.
Note: source file '../mr-library/driver/drv_pwm.c' - object file renamed from 'demo1\drv_pwm.o' to 'demo1\drv_pwm_1.o'.
Note: source file '../mr-library/driver/drv_serial.c' - object file renamed from 'demo1\drv_serial.o' to 'demo1\drv_serial_1.o'.
Note: source file '../mr-library/driver/drv_spi.c' - object file renamed from 'demo1\drv_spi.o' to 'demo1\drv_spi_1.o'.
Note: source file '../mr-library/driver/drv_timer.c' - object file renamed from 'demo1\drv_timer.o' to 'demo1\drv_timer_1.o'.
Note: source file '../mr-library/driver/mr_board.c' - object file renamed from 'demo1\mr_board.o' to 'demo1\mr_board_1.o'.
linking...
Program Size: Code=23924 RO-data=1960 RW-data=564 ZI-data=8188  
FromELF: creating hex file...
"demo1\mr-library.axf" - 0 Error(s), 0 Warning(s).

<h2>Software Packages used:</h2>

Package Vendor: ARM
                http://www.keil.com/pack/ARM.CMSIS.5.8.0.pack
                ARM.CMSIS.5.8.0
                CMSIS (Common Microcontroller Software Interface Standard)
   * Component: CORE Version: 5.5.0

Package Vendor: Keil
                http://www.keil.com/pack/Keil.STM32F1xx_DFP.2.3.0.pack
                Keil.STM32F1xx_DFP.2.3.0
                STMicroelectronics STM32F1 Series Device Support, Drivers and Examples

<h2>Collection of Component include folders:</h2>
  .\RTE\_mr-library
  C:\Users\haishan\AppData\Local\Arm\Packs\ARM\CMSIS\5.8.0\CMSIS\Core\Include
  C:\Users\haishan\AppData\Local\Arm\Packs\Keil\STM32F1xx_DFP\2.3.0\Device\Include

<h2>Collection of Component Files used:</h2>

   * Component: ARM::CMSIS:CORE:5.5.0
Build Time Elapsed:  00:00:01
</pre>
</body>
</html>
